Z:\home\jack\Downloads\KiCad-Spice-Library\Models\Digital Logic\74HC.LIB(26): Expected node name here.
anand [in1 in2] out ls_nand 
                           ^
Z:\home\jack\Downloads\KiCad-Spice-Library\Models\Digital Logic\74HC.LIB(26): Expected directive or device instantiation here.
anand [in1 in2] out ls_nand 
^^^^^^^^^^^^^^^^^^^^^^^^^^^
Z:\home\jack\Downloads\KiCad-Spice-Library\Models\Digital Logic\74HC.LIB(41): Expected node name here.
anor [in1 in2] out ls_nor 
                         ^
Z:\home\jack\Downloads\KiCad-Spice-Library\Models\Digital Logic\74HC.LIB(41): Expected directive or device instantiation here.
anor [in1 in2] out ls_nor 
^^^^^^^^^^^^^^^^^^^^^^^^^
Z:\home\jack\Downloads\KiCad-Spice-Library\Models\Digital Logic\74HC.LIB(57): Expected node name here.
anand [in1 in2] outi ls_nand 
                            ^
Z:\home\jack\Downloads\KiCad-Spice-Library\Models\Digital Logic\74HC.LIB(57): Expected directive or device instantiation here.
anand [in1 in2] outi ls_nand 
^^^^^^^^^^^^^^^^^^^^^^^^^^^^
Z:\home\jack\Downloads\KiCad-Spice-Library\Models\Digital Logic\74HC.LIB(58): Expected node name here.
aopenc outi out ls_openc
                        ^
Z:\home\jack\Downloads\KiCad-Spice-Library\Models\Digital Logic\74HC.LIB(58): Expected directive or device instantiation here.
aopenc outi out ls_openc
^^^^^^^^^^^^^^^^^^^^^^^^
Z:\home\jack\Downloads\KiCad-Spice-Library\Models\Digital Logic\74HC.LIB(76): Expected node name here.
ainv in out ls_inv 
                  ^
Z:\home\jack\Downloads\KiCad-Spice-Library\Models\Digital Logic\74HC.LIB(76): Expected directive or device instantiation here.
ainv in out ls_inv 
^^^^^^^^^^^^^^^^^^
Z:\home\jack\Downloads\KiCad-Spice-Library\Models\Digital Logic\74HC.LIB(93): Expected node name here.
ainv in outi ls_inv
                   ^
Z:\home\jack\Downloads\KiCad-Spice-Library\Models\Digital Logic\74HC.LIB(93): Expected directive or device instantiation here.
ainv in outi ls_inv
^^^^^^^^^^^^^^^^^^^
Z:\home\jack\Downloads\KiCad-Spice-Library\Models\Digital Logic\74HC.LIB(94): Expected node name here.
aopenc outi out ls_openc
                        ^
Z:\home\jack\Downloads\KiCad-Spice-Library\Models\Digital Logic\74HC.LIB(94): Expected directive or device instantiation here.
aopenc outi out ls_openc
^^^^^^^^^^^^^^^^^^^^^^^^
Z:\home\jack\Downloads\KiCad-Spice-Library\Models\Digital Logic\74HC.LIB(111): Expected node name here.
aand [in1 in2] out ls_and 
                         ^
Z:\home\jack\Downloads\KiCad-Spice-Library\Models\Digital Logic\74HC.LIB(111): Expected directive or device instantiation here.
aand [in1 in2] out ls_and 
^^^^^^^^^^^^^^^^^^^^^^^^^
Z:\home\jack\Downloads\KiCad-Spice-Library\Models\Digital Logic\74HC.LIB(126): Expected node name here.
anand [in1 in2 in3] out ls_nand 
                               ^
Z:\home\jack\Downloads\KiCad-Spice-Library\Models\Digital Logic\74HC.LIB(126): Expected directive or device instantiation here.
anand [in1 in2 in3] out ls_nand 
^^^^^^^^^^^^^^^^^^^^^^^^^^^^^^^
Z:\home\jack\Downloads\KiCad-Spice-Library\Models\Digital Logic\74HC.LIB(141): Expected node name here.
aand [in1 in2 in3] out ls_and 
                             ^
Z:\home\jack\Downloads\KiCad-Spice-Library\Models\Digital Logic\74HC.LIB(141): Expected directive or device instantiation here.
aand [in1 in2 in3] out ls_and 
^^^^^^^^^^^^^^^^^^^^^^^^^^^^^
Z:\home\jack\Downloads\KiCad-Spice-Library\Models\Digital Logic\74HC.LIB(157): Expected node name here.
ainv a out ls_inv
                 ^
Z:\home\jack\Downloads\KiCad-Spice-Library\Models\Digital Logic\74HC.LIB(157): Expected directive or device instantiation here.
ainv a out ls_inv
^^^^^^^^^^^^^^^^^
Z:\home\jack\Downloads\KiCad-Spice-Library\Models\Digital Logic\74HC.LIB(158): Expected node name here.
aadc  [in] [a] ls_adc
                     ^
Z:\home\jack\Downloads\KiCad-Spice-Library\Models\Digital Logic\74HC.LIB(158): Expected directive or device instantiation here.
aadc  [in] [a] ls_adc
^^^^^^^^^^^^^^^^^^^^^
Z:\home\jack\Downloads\KiCad-Spice-Library\Models\Digital Logic\74HC.LIB(161): Expected model definition here.
.model ls_adc adc_bridge(in_low=2.35 in_high=1.67)
             ^^^^^^^^^^^^^^^^^^^^^^^^^^^^^^^^^^^^^
Z:\home\jack\Downloads\KiCad-Spice-Library\Models\Digital Logic\74HC.LIB(175): Expected node name here.
anand [in1 in2 in3 in4] out ls_nand
                                   ^
Z:\home\jack\Downloads\KiCad-Spice-Library\Models\Digital Logic\74HC.LIB(175): Expected directive or device instantiation here.
anand [in1 in2 in3 in4] out ls_nand
^^^^^^^^^^^^^^^^^^^^^^^^^^^^^^^^^^^
Z:\home\jack\Downloads\KiCad-Spice-Library\Models\Digital Logic\74HC.LIB(190): Expected node name here.
aand [in1 in2 in3 in4] out ls_and
                                 ^
Z:\home\jack\Downloads\KiCad-Spice-Library\Models\Digital Logic\74HC.LIB(190): Expected directive or device instantiation here.
aand [in1 in2 in3 in4] out ls_and
^^^^^^^^^^^^^^^^^^^^^^^^^^^^^^^^^
Z:\home\jack\Downloads\KiCad-Spice-Library\Models\Digital Logic\74HC.LIB(205): Expected node name here.
anor [in1 in2 in3] out ls_nor
                             ^
Z:\home\jack\Downloads\KiCad-Spice-Library\Models\Digital Logic\74HC.LIB(205): Expected directive or device instantiation here.
anor [in1 in2 in3] out ls_nor
^^^^^^^^^^^^^^^^^^^^^^^^^^^^^
Z:\home\jack\Downloads\KiCad-Spice-Library\Models\Digital Logic\74HC.LIB(220): Expected node name here.
aor [in1 in2] out ls_or 
                       ^
Z:\home\jack\Downloads\KiCad-Spice-Library\Models\Digital Logic\74HC.LIB(220): Expected directive or device instantiation here.
aor [in1 in2] out ls_or 
^^^^^^^^^^^^^^^^^^^^^^^
Z:\home\jack\Downloads\KiCad-Spice-Library\Models\Digital Logic\74HC.LIB(236): Expected node name here.
ainv1 a ab inv
              ^
Z:\home\jack\Downloads\KiCad-Spice-Library\Models\Digital Logic\74HC.LIB(236): Expected directive or device instantiation here.
ainv1 a ab inv
^^^^^^^^^^^^^^
Z:\home\jack\Downloads\KiCad-Spice-Library\Models\Digital Logic\74HC.LIB(237): Expected node name here.
ainv2 b bb inv
              ^
Z:\home\jack\Downloads\KiCad-Spice-Library\Models\Digital Logic\74HC.LIB(237): Expected directive or device instantiation here.
ainv2 b bb inv
^^^^^^^^^^^^^^
Z:\home\jack\Downloads\KiCad-Spice-Library\Models\Digital Logic\74HC.LIB(238): Expected node name here.
ainv3 c cb inv
              ^
Z:\home\jack\Downloads\KiCad-Spice-Library\Models\Digital Logic\74HC.LIB(238): Expected directive or device instantiation here.
ainv3 c cb inv
^^^^^^^^^^^^^^
Z:\home\jack\Downloads\KiCad-Spice-Library\Models\Digital Logic\74HC.LIB(239): Expected node name here.
ainv4 d db inv
              ^
Z:\home\jack\Downloads\KiCad-Spice-Library\Models\Digital Logic\74HC.LIB(239): Expected directive or device instantiation here.
ainv4 d db inv
^^^^^^^^^^^^^^
Z:\home\jack\Downloads\KiCad-Spice-Library\Models\Digital Logic\74HC.LIB(241): Expected node name here.
anand0 [db cb bb ab] y0 ls_nand
                               ^
Z:\home\jack\Downloads\KiCad-Spice-Library\Models\Digital Logic\74HC.LIB(241): Expected directive or device instantiation here.
anand0 [db cb bb ab] y0 ls_nand
^^^^^^^^^^^^^^^^^^^^^^^^^^^^^^^
Z:\home\jack\Downloads\KiCad-Spice-Library\Models\Digital Logic\74HC.LIB(242): Expected node name here.
anand1 [db cb bb a] y1 ls_nand
                              ^
Z:\home\jack\Downloads\KiCad-Spice-Library\Models\Digital Logic\74HC.LIB(242): Expected directive or device instantiation here.
anand1 [db cb bb a] y1 ls_nand
^^^^^^^^^^^^^^^^^^^^^^^^^^^^^^
Z:\home\jack\Downloads\KiCad-Spice-Library\Models\Digital Logic\74HC.LIB(243): Expected node name here.
anand2 [db cb b ab] y2 ls_nand
                              ^
Z:\home\jack\Downloads\KiCad-Spice-Library\Models\Digital Logic\74HC.LIB(243): Expected directive or device instantiation here.
anand2 [db cb b ab] y2 ls_nand
^^^^^^^^^^^^^^^^^^^^^^^^^^^^^^
Z:\home\jack\Downloads\KiCad-Spice-Library\Models\Digital Logic\74HC.LIB(244): Expected node name here.
anand3 [db cb b a] y3 ls_nand
                             ^
Z:\home\jack\Downloads\KiCad-Spice-Library\Models\Digital Logic\74HC.LIB(244): Expected directive or device instantiation here.
anand3 [db cb b a] y3 ls_nand
^^^^^^^^^^^^^^^^^^^^^^^^^^^^^
Z:\home\jack\Downloads\KiCad-Spice-Library\Models\Digital Logic\74HC.LIB(245): Expected node name here.
anand4 [db c bb ab] y4 ls_nand
                              ^
Z:\home\jack\Downloads\KiCad-Spice-Library\Models\Digital Logic\74HC.LIB(245): Expected directive or device instantiation here.
anand4 [db c bb ab] y4 ls_nand
^^^^^^^^^^^^^^^^^^^^^^^^^^^^^^
Z:\home\jack\Downloads\KiCad-Spice-Library\Models\Digital Logic\74HC.LIB(246): Expected node name here.
anand5 [db c bb a] y5 ls_nand
                             ^
Z:\home\jack\Downloads\KiCad-Spice-Library\Models\Digital Logic\74HC.LIB(246): Expected directive or device instantiation here.
anand5 [db c bb a] y5 ls_nand
^^^^^^^^^^^^^^^^^^^^^^^^^^^^^
Z:\home\jack\Downloads\KiCad-Spice-Library\Models\Digital Logic\74HC.LIB(247): Expected node name here.
anand6 [db c b ab] y6 ls_nand
                             ^
Z:\home\jack\Downloads\KiCad-Spice-Library\Models\Digital Logic\74HC.LIB(247): Expected directive or device instantiation here.
anand6 [db c b ab] y6 ls_nand
^^^^^^^^^^^^^^^^^^^^^^^^^^^^^
Z:\home\jack\Downloads\KiCad-Spice-Library\Models\Digital Logic\74HC.LIB(248): Expected node name here.
anand7 [db c b a] y7 ls_nand
                            ^
Z:\home\jack\Downloads\KiCad-Spice-Library\Models\Digital Logic\74HC.LIB(248): Expected directive or device instantiation here.
anand7 [db c b a] y7 ls_nand
^^^^^^^^^^^^^^^^^^^^^^^^^^^^
Z:\home\jack\Downloads\KiCad-Spice-Library\Models\Digital Logic\74HC.LIB(249): Expected node name here.
anand8 [d cb bb ab] y8 ls_nand
                              ^
Z:\home\jack\Downloads\KiCad-Spice-Library\Models\Digital Logic\74HC.LIB(249): Expected directive or device instantiation here.
anand8 [d cb bb ab] y8 ls_nand
^^^^^^^^^^^^^^^^^^^^^^^^^^^^^^
Z:\home\jack\Downloads\KiCad-Spice-Library\Models\Digital Logic\74HC.LIB(250): Expected node name here.
anand9 [d cb bb a] y9 ls_nand
                             ^
Z:\home\jack\Downloads\KiCad-Spice-Library\Models\Digital Logic\74HC.LIB(250): Expected directive or device instantiation here.
anand9 [d cb bb a] y9 ls_nand
^^^^^^^^^^^^^^^^^^^^^^^^^^^^^
Z:\home\jack\Downloads\KiCad-Spice-Library\Models\Digital Logic\74HC.LIB(268): Expected node name here.
adff d clk prebar clrbar q qbar ls_dff
                                      ^
Z:\home\jack\Downloads\KiCad-Spice-Library\Models\Digital Logic\74HC.LIB(268): Expected directive or device instantiation here.
adff d clk prebar clrbar q qbar ls_dff
^^^^^^^^^^^^^^^^^^^^^^^^^^^^^^^^^^^^^^
Z:\home\jack\Downloads\KiCad-Spice-Library\Models\Digital Logic\74HC.LIB(285): Expected node name here.
axor [in1 in2] out ls_xor 
                         ^
Z:\home\jack\Downloads\KiCad-Spice-Library\Models\Digital Logic\74HC.LIB(285): Expected directive or device instantiation here.
axor [in1 in2] out ls_xor 
^^^^^^^^^^^^^^^^^^^^^^^^^
Z:\home\jack\Downloads\KiCad-Spice-Library\Models\Digital Logic\74HC.LIB(300): Expected node name here.
atri a g y ls_tri
                 ^
Z:\home\jack\Downloads\KiCad-Spice-Library\Models\Digital Logic\74HC.LIB(300): Expected directive or device instantiation here.
atri a g y ls_tri
^^^^^^^^^^^^^^^^^
Z:\home\jack\Downloads\KiCad-Spice-Library\Models\Digital Logic\74HC.LIB(301): Expected node name here.
ainv gbar g ls_inv
                  ^
Z:\home\jack\Downloads\KiCad-Spice-Library\Models\Digital Logic\74HC.LIB(301): Expected directive or device instantiation here.
ainv gbar g ls_inv
^^^^^^^^^^^^^^^^^^
Z:\home\jack\Downloads\KiCad-Spice-Library\Models\Digital Logic\74HC.LIB(318): Expected node name here.
atri a gi y ls_tri
                  ^
Z:\home\jack\Downloads\KiCad-Spice-Library\Models\Digital Logic\74HC.LIB(318): Expected directive or device instantiation here.
atri a gi y ls_tri
^^^^^^^^^^^^^^^^^^
Z:\home\jack\Downloads\KiCad-Spice-Library\Models\Digital Logic\74HC.LIB(319): Expected node name here.
abuf g gi ls_buf
                ^
Z:\home\jack\Downloads\KiCad-Spice-Library\Models\Digital Logic\74HC.LIB(319): Expected directive or device instantiation here.
abuf g gi ls_buf
^^^^^^^^^^^^^^^^
Z:\home\jack\Downloads\KiCad-Spice-Library\Models\Digital Logic\74HC.LIB(336): Expected node name here.
anand [a b] y ls_nand
                     ^
Z:\home\jack\Downloads\KiCad-Spice-Library\Models\Digital Logic\74HC.LIB(336): Expected directive or device instantiation here.
anand [a b] y ls_nand
^^^^^^^^^^^^^^^^^^^^^
Z:\home\jack\Downloads\KiCad-Spice-Library\Models\Digital Logic\74HC.LIB(337): Expected node name here.
aadc  [in1 in2] [a b] ls_adc
                            ^
Z:\home\jack\Downloads\KiCad-Spice-Library\Models\Digital Logic\74HC.LIB(337): Expected directive or device instantiation here.
aadc  [in1 in2] [a b] ls_adc
^^^^^^^^^^^^^^^^^^^^^^^^^^^^
Z:\home\jack\Downloads\KiCad-Spice-Library\Models\Digital Logic\74HC.LIB(339): Expected model definition here.
.model ls_adc adc_bridge(in_low=2.35 in_high=1.67)
             ^^^^^^^^^^^^^^^^^^^^^^^^^^^^^^^^^^^^^
Z:\home\jack\Downloads\KiCad-Spice-Library\Models\Digital Logic\74HC.LIB(356): Expected node name here.
ainv1 a ab inv
              ^
Z:\home\jack\Downloads\KiCad-Spice-Library\Models\Digital Logic\74HC.LIB(356): Expected directive or device instantiation here.
ainv1 a ab inv
^^^^^^^^^^^^^^
Z:\home\jack\Downloads\KiCad-Spice-Library\Models\Digital Logic\74HC.LIB(357): Expected node name here.
ainv2 b bb inv
              ^
Z:\home\jack\Downloads\KiCad-Spice-Library\Models\Digital Logic\74HC.LIB(357): Expected directive or device instantiation here.
ainv2 b bb inv
^^^^^^^^^^^^^^
Z:\home\jack\Downloads\KiCad-Spice-Library\Models\Digital Logic\74HC.LIB(358): Expected node name here.
ainv3 c cb inv
              ^
Z:\home\jack\Downloads\KiCad-Spice-Library\Models\Digital Logic\74HC.LIB(358): Expected directive or device instantiation here.
ainv3 c cb inv
^^^^^^^^^^^^^^
Z:\home\jack\Downloads\KiCad-Spice-Library\Models\Digital Logic\74HC.LIB(359): Expected node name here.
ainv4 g1 g1b inv
                ^
Z:\home\jack\Downloads\KiCad-Spice-Library\Models\Digital Logic\74HC.LIB(359): Expected directive or device instantiation here.
ainv4 g1 g1b inv
^^^^^^^^^^^^^^^^
Z:\home\jack\Downloads\KiCad-Spice-Library\Models\Digital Logic\74HC.LIB(361): Expected node name here.
anor [g2ab g2bb g1b] en nor
                           ^
Z:\home\jack\Downloads\KiCad-Spice-Library\Models\Digital Logic\74HC.LIB(361): Expected directive or device instantiation here.
anor [g2ab g2bb g1b] en nor
^^^^^^^^^^^^^^^^^^^^^^^^^^^
Z:\home\jack\Downloads\KiCad-Spice-Library\Models\Digital Logic\74HC.LIB(363): Expected node name here.
anand0 [ab bb cb en] iy0 nand
                             ^
Z:\home\jack\Downloads\KiCad-Spice-Library\Models\Digital Logic\74HC.LIB(363): Expected directive or device instantiation here.
anand0 [ab bb cb en] iy0 nand
^^^^^^^^^^^^^^^^^^^^^^^^^^^^^
Z:\home\jack\Downloads\KiCad-Spice-Library\Models\Digital Logic\74HC.LIB(364): Expected node name here.
anand1 [a bb cb en] iy1 nand
                            ^
Z:\home\jack\Downloads\KiCad-Spice-Library\Models\Digital Logic\74HC.LIB(364): Expected directive or device instantiation here.
anand1 [a bb cb en] iy1 nand
^^^^^^^^^^^^^^^^^^^^^^^^^^^^
Z:\home\jack\Downloads\KiCad-Spice-Library\Models\Digital Logic\74HC.LIB(365): Expected node name here.
anand2 [ab b cb en] iy2 nand
                            ^
Z:\home\jack\Downloads\KiCad-Spice-Library\Models\Digital Logic\74HC.LIB(365): Expected directive or device instantiation here.
anand2 [ab b cb en] iy2 nand
^^^^^^^^^^^^^^^^^^^^^^^^^^^^
Z:\home\jack\Downloads\KiCad-Spice-Library\Models\Digital Logic\74HC.LIB(366): Expected node name here.
anand3 [a b cb en] iy3 nand
                           ^
Z:\home\jack\Downloads\KiCad-Spice-Library\Models\Digital Logic\74HC.LIB(366): Expected directive or device instantiation here.
anand3 [a b cb en] iy3 nand
^^^^^^^^^^^^^^^^^^^^^^^^^^^
Z:\home\jack\Downloads\KiCad-Spice-Library\Models\Digital Logic\74HC.LIB(367): Expected node name here.
anand4 [ab bb c en] iy4 nand
                            ^
Z:\home\jack\Downloads\KiCad-Spice-Library\Models\Digital Logic\74HC.LIB(367): Expected directive or device instantiation here.
anand4 [ab bb c en] iy4 nand
^^^^^^^^^^^^^^^^^^^^^^^^^^^^
Z:\home\jack\Downloads\KiCad-Spice-Library\Models\Digital Logic\74HC.LIB(368): Expected node name here.
anand5 [a bb c en] iy5 nand
                           ^
Z:\home\jack\Downloads\KiCad-Spice-Library\Models\Digital Logic\74HC.LIB(368): Expected directive or device instantiation here.
anand5 [a bb c en] iy5 nand
^^^^^^^^^^^^^^^^^^^^^^^^^^^
Z:\home\jack\Downloads\KiCad-Spice-Library\Models\Digital Logic\74HC.LIB(369): Expected node name here.
anand6 [ab b c en] iy6 nand
                           ^
Z:\home\jack\Downloads\KiCad-Spice-Library\Models\Digital Logic\74HC.LIB(369): Expected directive or device instantiation here.
anand6 [ab b c en] iy6 nand
^^^^^^^^^^^^^^^^^^^^^^^^^^^
Z:\home\jack\Downloads\KiCad-Spice-Library\Models\Digital Logic\74HC.LIB(370): Expected node name here.
anand7 [a b c en] iy7 nand
                          ^
Z:\home\jack\Downloads\KiCad-Spice-Library\Models\Digital Logic\74HC.LIB(370): Expected directive or device instantiation here.
anand7 [a b c en] iy7 nand
^^^^^^^^^^^^^^^^^^^^^^^^^^
Z:\home\jack\Downloads\KiCad-Spice-Library\Models\Digital Logic\74HC.LIB(372): Expected node name here.
abuf0 iy0 y0 buf
                ^
Z:\home\jack\Downloads\KiCad-Spice-Library\Models\Digital Logic\74HC.LIB(372): Expected directive or device instantiation here.
abuf0 iy0 y0 buf
^^^^^^^^^^^^^^^^
Z:\home\jack\Downloads\KiCad-Spice-Library\Models\Digital Logic\74HC.LIB(373): Expected node name here.
abuf1 iy1 y1 buf
                ^
Z:\home\jack\Downloads\KiCad-Spice-Library\Models\Digital Logic\74HC.LIB(373): Expected directive or device instantiation here.
abuf1 iy1 y1 buf
^^^^^^^^^^^^^^^^
Z:\home\jack\Downloads\KiCad-Spice-Library\Models\Digital Logic\74HC.LIB(374): Expected node name here.
abuf2 iy2 y2 buf
                ^
Z:\home\jack\Downloads\KiCad-Spice-Library\Models\Digital Logic\74HC.LIB(374): Expected directive or device instantiation here.
abuf2 iy2 y2 buf
^^^^^^^^^^^^^^^^
Z:\home\jack\Downloads\KiCad-Spice-Library\Models\Digital Logic\74HC.LIB(375): Expected node name here.
abuf3 iy3 y3 buf
                ^
Z:\home\jack\Downloads\KiCad-Spice-Library\Models\Digital Logic\74HC.LIB(375): Expected directive or device instantiation here.
abuf3 iy3 y3 buf
^^^^^^^^^^^^^^^^
Z:\home\jack\Downloads\KiCad-Spice-Library\Models\Digital Logic\74HC.LIB(376): Expected node name here.
abuf4 iy4 y4 buf
                ^
Z:\home\jack\Downloads\KiCad-Spice-Library\Models\Digital Logic\74HC.LIB(376): Expected directive or device instantiation here.
abuf4 iy4 y4 buf
^^^^^^^^^^^^^^^^
Z:\home\jack\Downloads\KiCad-Spice-Library\Models\Digital Logic\74HC.LIB(377): Expected node name here.
abuf5 iy5 y5 buf
                ^
Z:\home\jack\Downloads\KiCad-Spice-Library\Models\Digital Logic\74HC.LIB(377): Expected directive or device instantiation here.
abuf5 iy5 y5 buf
^^^^^^^^^^^^^^^^
Z:\home\jack\Downloads\KiCad-Spice-Library\Models\Digital Logic\74HC.LIB(378): Expected node name here.
abuf6 iy6 y6 buf
                ^
Z:\home\jack\Downloads\KiCad-Spice-Library\Models\Digital Logic\74HC.LIB(378): Expected directive or device instantiation here.
abuf6 iy6 y6 buf
^^^^^^^^^^^^^^^^
Z:\home\jack\Downloads\KiCad-Spice-Library\Models\Digital Logic\74HC.LIB(379): Expected node name here.
abuf7 iy7 y7 buf
                ^
Z:\home\jack\Downloads\KiCad-Spice-Library\Models\Digital Logic\74HC.LIB(379): Expected directive or device instantiation here.
abuf7 iy7 y7 buf
^^^^^^^^^^^^^^^^
Z:\home\jack\Downloads\KiCad-Spice-Library\Models\Digital Logic\74HC.LIB(399): Expected node name here.
ainv1 a ab inv
              ^
Z:\home\jack\Downloads\KiCad-Spice-Library\Models\Digital Logic\74HC.LIB(399): Expected directive or device instantiation here.
ainv1 a ab inv
^^^^^^^^^^^^^^
Z:\home\jack\Downloads\KiCad-Spice-Library\Models\Digital Logic\74HC.LIB(400): Expected node name here.
ainv2 b bb inv
              ^
Z:\home\jack\Downloads\KiCad-Spice-Library\Models\Digital Logic\74HC.LIB(400): Expected directive or device instantiation here.
ainv2 b bb inv
^^^^^^^^^^^^^^
Z:\home\jack\Downloads\KiCad-Spice-Library\Models\Digital Logic\74HC.LIB(401): Expected node name here.
ainv3 gb en invmod
                  ^
Z:\home\jack\Downloads\KiCad-Spice-Library\Models\Digital Logic\74HC.LIB(401): Expected directive or device instantiation here.
ainv3 gb en invmod
^^^^^^^^^^^^^^^^^^
Z:\home\jack\Downloads\KiCad-Spice-Library\Models\Digital Logic\74HC.LIB(403): Expected node name here.
anand0 [ab bb en] iy0 nand
                          ^
Z:\home\jack\Downloads\KiCad-Spice-Library\Models\Digital Logic\74HC.LIB(403): Expected directive or device instantiation here.
anand0 [ab bb en] iy0 nand
^^^^^^^^^^^^^^^^^^^^^^^^^^
Z:\home\jack\Downloads\KiCad-Spice-Library\Models\Digital Logic\74HC.LIB(404): Expected node name here.
anand1 [a bb en] iy1 nand
                         ^
Z:\home\jack\Downloads\KiCad-Spice-Library\Models\Digital Logic\74HC.LIB(404): Expected directive or device instantiation here.
anand1 [a bb en] iy1 nand
^^^^^^^^^^^^^^^^^^^^^^^^^
Z:\home\jack\Downloads\KiCad-Spice-Library\Models\Digital Logic\74HC.LIB(405): Expected node name here.
anand2 [ab b en] iy2 nand
                         ^
Z:\home\jack\Downloads\KiCad-Spice-Library\Models\Digital Logic\74HC.LIB(405): Expected directive or device instantiation here.
anand2 [ab b en] iy2 nand
^^^^^^^^^^^^^^^^^^^^^^^^^
Z:\home\jack\Downloads\KiCad-Spice-Library\Models\Digital Logic\74HC.LIB(406): Expected node name here.
anand3 [a b en] iy3 nand
                        ^
Z:\home\jack\Downloads\KiCad-Spice-Library\Models\Digital Logic\74HC.LIB(406): Expected directive or device instantiation here.
anand3 [a b en] iy3 nand
^^^^^^^^^^^^^^^^^^^^^^^^
Z:\home\jack\Downloads\KiCad-Spice-Library\Models\Digital Logic\74HC.LIB(408): Expected node name here.
abuf0 iy0 y0 buf
                ^
Z:\home\jack\Downloads\KiCad-Spice-Library\Models\Digital Logic\74HC.LIB(408): Expected directive or device instantiation here.
abuf0 iy0 y0 buf
^^^^^^^^^^^^^^^^
Z:\home\jack\Downloads\KiCad-Spice-Library\Models\Digital Logic\74HC.LIB(409): Expected node name here.
abuf1 iy1 y1 buf
                ^
Z:\home\jack\Downloads\KiCad-Spice-Library\Models\Digital Logic\74HC.LIB(409): Expected directive or device instantiation here.
abuf1 iy1 y1 buf
^^^^^^^^^^^^^^^^
Z:\home\jack\Downloads\KiCad-Spice-Library\Models\Digital Logic\74HC.LIB(410): Expected node name here.
abuf2 iy2 y2 buf
                ^
Z:\home\jack\Downloads\KiCad-Spice-Library\Models\Digital Logic\74HC.LIB(410): Expected directive or device instantiation here.
abuf2 iy2 y2 buf
^^^^^^^^^^^^^^^^
Z:\home\jack\Downloads\KiCad-Spice-Library\Models\Digital Logic\74HC.LIB(411): Expected node name here.
abuf3 iy3 y3 buf
                ^
Z:\home\jack\Downloads\KiCad-Spice-Library\Models\Digital Logic\74HC.LIB(411): Expected directive or device instantiation here.
abuf3 iy3 y3 buf
^^^^^^^^^^^^^^^^
Z:\home\jack\Downloads\KiCad-Spice-Library\Models\Digital Logic\74HC.LIB(432): Expected node name here.
ainv1 in0 i0 inv
                ^
Z:\home\jack\Downloads\KiCad-Spice-Library\Models\Digital Logic\74HC.LIB(432): Expected directive or device instantiation here.
ainv1 in0 i0 inv
^^^^^^^^^^^^^^^^
Z:\home\jack\Downloads\KiCad-Spice-Library\Models\Digital Logic\74HC.LIB(433): Expected node name here.
ainv2 in1 i1 inv
                ^
Z:\home\jack\Downloads\KiCad-Spice-Library\Models\Digital Logic\74HC.LIB(433): Expected directive or device instantiation here.
ainv2 in1 i1 inv
^^^^^^^^^^^^^^^^
Z:\home\jack\Downloads\KiCad-Spice-Library\Models\Digital Logic\74HC.LIB(434): Expected node name here.
ainv3 in2 i2 inv
                ^
Z:\home\jack\Downloads\KiCad-Spice-Library\Models\Digital Logic\74HC.LIB(434): Expected directive or device instantiation here.
ainv3 in2 i2 inv
^^^^^^^^^^^^^^^^
Z:\home\jack\Downloads\KiCad-Spice-Library\Models\Digital Logic\74HC.LIB(435): Expected node name here.
ainv4 in3 i3 inv
                ^
Z:\home\jack\Downloads\KiCad-Spice-Library\Models\Digital Logic\74HC.LIB(435): Expected directive or device instantiation here.
ainv4 in3 i3 inv
^^^^^^^^^^^^^^^^
Z:\home\jack\Downloads\KiCad-Spice-Library\Models\Digital Logic\74HC.LIB(436): Expected node name here.
ainv5 in4 i4 inv
                ^
Z:\home\jack\Downloads\KiCad-Spice-Library\Models\Digital Logic\74HC.LIB(436): Expected directive or device instantiation here.
ainv5 in4 i4 inv
^^^^^^^^^^^^^^^^
Z:\home\jack\Downloads\KiCad-Spice-Library\Models\Digital Logic\74HC.LIB(437): Expected node name here.
ainv6 in5 i5 inv
                ^
Z:\home\jack\Downloads\KiCad-Spice-Library\Models\Digital Logic\74HC.LIB(437): Expected directive or device instantiation here.
ainv6 in5 i5 inv
^^^^^^^^^^^^^^^^
Z:\home\jack\Downloads\KiCad-Spice-Library\Models\Digital Logic\74HC.LIB(438): Expected node name here.
ainv7 in6 i6 inv
                ^
Z:\home\jack\Downloads\KiCad-Spice-Library\Models\Digital Logic\74HC.LIB(438): Expected directive or device instantiation here.
ainv7 in6 i6 inv
^^^^^^^^^^^^^^^^
Z:\home\jack\Downloads\KiCad-Spice-Library\Models\Digital Logic\74HC.LIB(439): Expected node name here.
ainv8 in7 i7 inv
                ^
Z:\home\jack\Downloads\KiCad-Spice-Library\Models\Digital Logic\74HC.LIB(439): Expected directive or device instantiation here.
ainv8 in7 i7 inv
^^^^^^^^^^^^^^^^
Z:\home\jack\Downloads\KiCad-Spice-Library\Models\Digital Logic\74HC.LIB(440): Expected node name here.
ainv9 ei iei inv 
                ^
Z:\home\jack\Downloads\KiCad-Spice-Library\Models\Digital Logic\74HC.LIB(440): Expected directive or device instantiation here.
ainv9 ei iei inv 
^^^^^^^^^^^^^^^^
Z:\home\jack\Downloads\KiCad-Spice-Library\Models\Digital Logic\74HC.LIB(441): Expected valid special function name here.
anand1 [in0 in1 in2 in3 in4 in5 in6 in7] eo ls_nand1
                                        ^^^^^^^^^^^^
Z:\home\jack\Downloads\KiCad-Spice-Library\Models\Digital Logic\74HC.LIB(442): Expected node name here.
anand2 [eo iei] gs ls_nand2
                           ^
Z:\home\jack\Downloads\KiCad-Spice-Library\Models\Digital Logic\74HC.LIB(442): Expected directive or device instantiation here.
anand2 [eo iei] gs ls_nand2
^^^^^^^^^^^^^^^^^^^^^^^^^^^
Z:\home\jack\Downloads\KiCad-Spice-Library\Models\Digital Logic\74HC.LIB(444): Expected node name here.
aand1 [i1 in2 in4 in6 iei] 1a and
                                 ^
Z:\home\jack\Downloads\KiCad-Spice-Library\Models\Digital Logic\74HC.LIB(444): Expected directive or device instantiation here.
aand1 [i1 in2 in4 in6 iei] 1a and
^^^^^^^^^^^^^^^^^^^^^^^^^^^^^^^^^
Z:\home\jack\Downloads\KiCad-Spice-Library\Models\Digital Logic\74HC.LIB(445): Expected node name here.
aand2 [i3 in4 in6 iei] 1b and
                             ^
Z:\home\jack\Downloads\KiCad-Spice-Library\Models\Digital Logic\74HC.LIB(445): Expected directive or device instantiation here.
aand2 [i3 in4 in6 iei] 1b and
^^^^^^^^^^^^^^^^^^^^^^^^^^^^^
Z:\home\jack\Downloads\KiCad-Spice-Library\Models\Digital Logic\74HC.LIB(446): Expected node name here.
aand3 [i5 in6 iei] 1c and
                         ^
Z:\home\jack\Downloads\KiCad-Spice-Library\Models\Digital Logic\74HC.LIB(446): Expected directive or device instantiation here.
aand3 [i5 in6 iei] 1c and
^^^^^^^^^^^^^^^^^^^^^^^^^
Z:\home\jack\Downloads\KiCad-Spice-Library\Models\Digital Logic\74HC.LIB(447): Expected node name here.
aand4 [i7 iei] 1d and
                     ^
Z:\home\jack\Downloads\KiCad-Spice-Library\Models\Digital Logic\74HC.LIB(447): Expected directive or device instantiation here.
aand4 [i7 iei] 1d and
^^^^^^^^^^^^^^^^^^^^^
Z:\home\jack\Downloads\KiCad-Spice-Library\Models\Digital Logic\74HC.LIB(448): Expected node name here.
aand5 [i2 in4 in5 iei] 2a and
                             ^
Z:\home\jack\Downloads\KiCad-Spice-Library\Models\Digital Logic\74HC.LIB(448): Expected directive or device instantiation here.
aand5 [i2 in4 in5 iei] 2a and
^^^^^^^^^^^^^^^^^^^^^^^^^^^^^
Z:\home\jack\Downloads\KiCad-Spice-Library\Models\Digital Logic\74HC.LIB(449): Expected node name here.
aand6 [i3 in4 in5 iei] 2b and
                             ^
Z:\home\jack\Downloads\KiCad-Spice-Library\Models\Digital Logic\74HC.LIB(449): Expected directive or device instantiation here.
aand6 [i3 in4 in5 iei] 2b and
^^^^^^^^^^^^^^^^^^^^^^^^^^^^^
Z:\home\jack\Downloads\KiCad-Spice-Library\Models\Digital Logic\74HC.LIB(450): Expected node name here.
aand7 [i6 iei] 2c and
                     ^
Z:\home\jack\Downloads\KiCad-Spice-Library\Models\Digital Logic\74HC.LIB(450): Expected directive or device instantiation here.
aand7 [i6 iei] 2c and
^^^^^^^^^^^^^^^^^^^^^
Z:\home\jack\Downloads\KiCad-Spice-Library\Models\Digital Logic\74HC.LIB(451): Expected node name here.
aand8 [i7 iei] 2d and
                     ^
Z:\home\jack\Downloads\KiCad-Spice-Library\Models\Digital Logic\74HC.LIB(451): Expected directive or device instantiation here.
aand8 [i7 iei] 2d and
^^^^^^^^^^^^^^^^^^^^^
Z:\home\jack\Downloads\KiCad-Spice-Library\Models\Digital Logic\74HC.LIB(452): Expected node name here.
aand9 [i4 iei] 3a and
                     ^
Z:\home\jack\Downloads\KiCad-Spice-Library\Models\Digital Logic\74HC.LIB(452): Expected directive or device instantiation here.
aand9 [i4 iei] 3a and
^^^^^^^^^^^^^^^^^^^^^
Z:\home\jack\Downloads\KiCad-Spice-Library\Models\Digital Logic\74HC.LIB(453): Expected node name here.
aanda [i5 iei] 3b and
                     ^
Z:\home\jack\Downloads\KiCad-Spice-Library\Models\Digital Logic\74HC.LIB(453): Expected directive or device instantiation here.
aanda [i5 iei] 3b and
^^^^^^^^^^^^^^^^^^^^^
Z:\home\jack\Downloads\KiCad-Spice-Library\Models\Digital Logic\74HC.LIB(454): Expected node name here.
aandb [i6 iei] 3c and
                     ^
Z:\home\jack\Downloads\KiCad-Spice-Library\Models\Digital Logic\74HC.LIB(454): Expected directive or device instantiation here.
aandb [i6 iei] 3c and
^^^^^^^^^^^^^^^^^^^^^
Z:\home\jack\Downloads\KiCad-Spice-Library\Models\Digital Logic\74HC.LIB(455): Expected node name here.
aandc [i7 iei] 3d and
                     ^
Z:\home\jack\Downloads\KiCad-Spice-Library\Models\Digital Logic\74HC.LIB(455): Expected directive or device instantiation here.
aandc [i7 iei] 3d and
^^^^^^^^^^^^^^^^^^^^^
Z:\home\jack\Downloads\KiCad-Spice-Library\Models\Digital Logic\74HC.LIB(457): Expected node name here.
anor1 [1a 1b 1c 1d] a0 ls_nor
                             ^
Z:\home\jack\Downloads\KiCad-Spice-Library\Models\Digital Logic\74HC.LIB(457): Expected directive or device instantiation here.
anor1 [1a 1b 1c 1d] a0 ls_nor
^^^^^^^^^^^^^^^^^^^^^^^^^^^^^
Z:\home\jack\Downloads\KiCad-Spice-Library\Models\Digital Logic\74HC.LIB(458): Expected node name here.
anor2 [2a 2b 2c 2d] a1 ls_nor
                             ^
Z:\home\jack\Downloads\KiCad-Spice-Library\Models\Digital Logic\74HC.LIB(458): Expected directive or device instantiation here.
anor2 [2a 2b 2c 2d] a1 ls_nor
^^^^^^^^^^^^^^^^^^^^^^^^^^^^^
Z:\home\jack\Downloads\KiCad-Spice-Library\Models\Digital Logic\74HC.LIB(459): Expected node name here.
anor3 [3a 3b 3c 3d] a2 ls_nor
                             ^
Z:\home\jack\Downloads\KiCad-Spice-Library\Models\Digital Logic\74HC.LIB(459): Expected directive or device instantiation here.
anor3 [3a 3b 3c 3d] a2 ls_nor
^^^^^^^^^^^^^^^^^^^^^^^^^^^^^
Z:\home\jack\Downloads\KiCad-Spice-Library\Models\Digital Logic\74HC.LIB(490): Expected node name here.
ainv1 ebar e ls_inva
                    ^
Z:\home\jack\Downloads\KiCad-Spice-Library\Models\Digital Logic\74HC.LIB(490): Expected directive or device instantiation here.
ainv1 ebar e ls_inva
^^^^^^^^^^^^^^^^^^^^
Z:\home\jack\Downloads\KiCad-Spice-Library\Models\Digital Logic\74HC.LIB(491): Expected node name here.
ainv2 y yb ls_inv
                 ^
Z:\home\jack\Downloads\KiCad-Spice-Library\Models\Digital Logic\74HC.LIB(491): Expected directive or device instantiation here.
ainv2 y yb ls_inv
^^^^^^^^^^^^^^^^^
Z:\home\jack\Downloads\KiCad-Spice-Library\Models\Digital Logic\74HC.LIB(492): Expected node name here.
atri1 y e z ls_tri
                  ^
Z:\home\jack\Downloads\KiCad-Spice-Library\Models\Digital Logic\74HC.LIB(492): Expected directive or device instantiation here.
atri1 y e z ls_tri
^^^^^^^^^^^^^^^^^^
Z:\home\jack\Downloads\KiCad-Spice-Library\Models\Digital Logic\74HC.LIB(493): Expected node name here.
atri2 yb e zbar ls_tri
                      ^
Z:\home\jack\Downloads\KiCad-Spice-Library\Models\Digital Logic\74HC.LIB(493): Expected directive or device instantiation here.
atri2 yb e zbar ls_tri
^^^^^^^^^^^^^^^^^^^^^^
Z:\home\jack\Downloads\KiCad-Spice-Library\Models\Digital Logic\74HC.LIB(496): Expected node name here.
ainv c cb inv
             ^
Z:\home\jack\Downloads\KiCad-Spice-Library\Models\Digital Logic\74HC.LIB(496): Expected directive or device instantiation here.
ainv c cb inv
^^^^^^^^^^^^^
Z:\home\jack\Downloads\KiCad-Spice-Library\Models\Digital Logic\74HC.LIB(497): Expected node name here.
aand1 [a cb] p1 and
                   ^
Z:\home\jack\Downloads\KiCad-Spice-Library\Models\Digital Logic\74HC.LIB(497): Expected directive or device instantiation here.
aand1 [a cb] p1 and
^^^^^^^^^^^^^^^^^^^
Z:\home\jack\Downloads\KiCad-Spice-Library\Models\Digital Logic\74HC.LIB(498): Expected node name here.
aand2 [b c] p2 and
                  ^
Z:\home\jack\Downloads\KiCad-Spice-Library\Models\Digital Logic\74HC.LIB(498): Expected directive or device instantiation here.
aand2 [b c] p2 and
^^^^^^^^^^^^^^^^^^
Z:\home\jack\Downloads\KiCad-Spice-Library\Models\Digital Logic\74HC.LIB(499): Expected node name here.
aor [p1 p2] y or
                ^
Z:\home\jack\Downloads\KiCad-Spice-Library\Models\Digital Logic\74HC.LIB(499): Expected directive or device instantiation here.
aor [p1 p2] y or
^^^^^^^^^^^^^^^^
Z:\home\jack\Downloads\KiCad-Spice-Library\Models\Digital Logic\74HC.LIB(532): Expected node name here.
ainv1 eabar ea ls_inva
                      ^
Z:\home\jack\Downloads\KiCad-Spice-Library\Models\Digital Logic\74HC.LIB(532): Expected directive or device instantiation here.
ainv1 eabar ea ls_inva
^^^^^^^^^^^^^^^^^^^^^^
Z:\home\jack\Downloads\KiCad-Spice-Library\Models\Digital Logic\74HC.LIB(533): Expected node name here.
ainv2 ebbar eb ls_inva
                      ^
Z:\home\jack\Downloads\KiCad-Spice-Library\Models\Digital Logic\74HC.LIB(533): Expected directive or device instantiation here.
ainv2 ebbar eb ls_inva
^^^^^^^^^^^^^^^^^^^^^^
Z:\home\jack\Downloads\KiCad-Spice-Library\Models\Digital Logic\74HC.LIB(534): Expected node name here.
atri1 ya ea z ls_tri
                    ^
Z:\home\jack\Downloads\KiCad-Spice-Library\Models\Digital Logic\74HC.LIB(534): Expected directive or device instantiation here.
atri1 ya ea z ls_tri
^^^^^^^^^^^^^^^^^^^^
Z:\home\jack\Downloads\KiCad-Spice-Library\Models\Digital Logic\74HC.LIB(535): Expected node name here.
atri2 yb eb zb ls_tri
                     ^
Z:\home\jack\Downloads\KiCad-Spice-Library\Models\Digital Logic\74HC.LIB(535): Expected directive or device instantiation here.
atri2 yb eb zb ls_tri
^^^^^^^^^^^^^^^^^^^^^
Z:\home\jack\Downloads\KiCad-Spice-Library\Models\Digital Logic\74HC.LIB(538): Expected node name here.
ainv c cb inv
             ^
Z:\home\jack\Downloads\KiCad-Spice-Library\Models\Digital Logic\74HC.LIB(538): Expected directive or device instantiation here.
ainv c cb inv
^^^^^^^^^^^^^
Z:\home\jack\Downloads\KiCad-Spice-Library\Models\Digital Logic\74HC.LIB(539): Expected node name here.
aand1 [a cb] p1 and
                   ^
Z:\home\jack\Downloads\KiCad-Spice-Library\Models\Digital Logic\74HC.LIB(539): Expected directive or device instantiation here.
aand1 [a cb] p1 and
^^^^^^^^^^^^^^^^^^^
Z:\home\jack\Downloads\KiCad-Spice-Library\Models\Digital Logic\74HC.LIB(540): Expected node name here.
aand2 [b c] p2 and
                  ^
Z:\home\jack\Downloads\KiCad-Spice-Library\Models\Digital Logic\74HC.LIB(540): Expected directive or device instantiation here.
aand2 [b c] p2 and
^^^^^^^^^^^^^^^^^^
Z:\home\jack\Downloads\KiCad-Spice-Library\Models\Digital Logic\74HC.LIB(541): Expected node name here.
aor [p1 p2] y or
                ^
Z:\home\jack\Downloads\KiCad-Spice-Library\Models\Digital Logic\74HC.LIB(541): Expected directive or device instantiation here.
aor [p1 p2] y or
^^^^^^^^^^^^^^^^
Z:\home\jack\Downloads\KiCad-Spice-Library\Models\Digital Logic\74HC.LIB(567): Expected node name here.
abuf1 strb gb buf1
                  ^
Z:\home\jack\Downloads\KiCad-Spice-Library\Models\Digital Logic\74HC.LIB(567): Expected directive or device instantiation here.
abuf1 strb gb buf1
^^^^^^^^^^^^^^^^^^
Z:\home\jack\Downloads\KiCad-Spice-Library\Models\Digital Logic\74HC.LIB(568): Expected node name here.
abuf2 selectab abb buf2
                       ^
Z:\home\jack\Downloads\KiCad-Spice-Library\Models\Digital Logic\74HC.LIB(568): Expected directive or device instantiation here.
abuf2 selectab abb buf2
^^^^^^^^^^^^^^^^^^^^^^^
Z:\home\jack\Downloads\KiCad-Spice-Library\Models\Digital Logic\74HC.LIB(569): Expected node name here.
ainv1 gb g inv
              ^
Z:\home\jack\Downloads\KiCad-Spice-Library\Models\Digital Logic\74HC.LIB(569): Expected directive or device instantiation here.
ainv1 gb g inv
^^^^^^^^^^^^^^
Z:\home\jack\Downloads\KiCad-Spice-Library\Models\Digital Logic\74HC.LIB(570): Expected node name here.
ainv2 abb s inv
               ^
Z:\home\jack\Downloads\KiCad-Spice-Library\Models\Digital Logic\74HC.LIB(570): Expected directive or device instantiation here.
ainv2 abb s inv
^^^^^^^^^^^^^^^
Z:\home\jack\Downloads\KiCad-Spice-Library\Models\Digital Logic\74HC.LIB(572): Expected node name here.
aand1 [1a s g] a1 and
                     ^
Z:\home\jack\Downloads\KiCad-Spice-Library\Models\Digital Logic\74HC.LIB(572): Expected directive or device instantiation here.
aand1 [1a s g] a1 and
^^^^^^^^^^^^^^^^^^^^^
Z:\home\jack\Downloads\KiCad-Spice-Library\Models\Digital Logic\74HC.LIB(573): Expected node name here.
aand2 [1b abb g] a2 and
                       ^
Z:\home\jack\Downloads\KiCad-Spice-Library\Models\Digital Logic\74HC.LIB(573): Expected directive or device instantiation here.
aand2 [1b abb g] a2 and
^^^^^^^^^^^^^^^^^^^^^^^
Z:\home\jack\Downloads\KiCad-Spice-Library\Models\Digital Logic\74HC.LIB(574): Expected node name here.
aora [a1 a2] 1y ls_or
                     ^
Z:\home\jack\Downloads\KiCad-Spice-Library\Models\Digital Logic\74HC.LIB(574): Expected directive or device instantiation here.
aora [a1 a2] 1y ls_or
^^^^^^^^^^^^^^^^^^^^^
Z:\home\jack\Downloads\KiCad-Spice-Library\Models\Digital Logic\74HC.LIB(576): Expected node name here.
aand3 [2a s g] b1 and
                     ^
Z:\home\jack\Downloads\KiCad-Spice-Library\Models\Digital Logic\74HC.LIB(576): Expected directive or device instantiation here.
aand3 [2a s g] b1 and
^^^^^^^^^^^^^^^^^^^^^
Z:\home\jack\Downloads\KiCad-Spice-Library\Models\Digital Logic\74HC.LIB(577): Expected node name here.
aand4 [2b abb g] b2 and
                       ^
Z:\home\jack\Downloads\KiCad-Spice-Library\Models\Digital Logic\74HC.LIB(577): Expected directive or device instantiation here.
aand4 [2b abb g] b2 and
^^^^^^^^^^^^^^^^^^^^^^^
Z:\home\jack\Downloads\KiCad-Spice-Library\Models\Digital Logic\74HC.LIB(578): Expected node name here.
aorb [b1 b2] 2y ls_or
                     ^
Z:\home\jack\Downloads\KiCad-Spice-Library\Models\Digital Logic\74HC.LIB(578): Expected directive or device instantiation here.
aorb [b1 b2] 2y ls_or
^^^^^^^^^^^^^^^^^^^^^
Z:\home\jack\Downloads\KiCad-Spice-Library\Models\Digital Logic\74HC.LIB(580): Expected node name here.
aand5 [3a s g] c1 and
                     ^
Z:\home\jack\Downloads\KiCad-Spice-Library\Models\Digital Logic\74HC.LIB(580): Expected directive or device instantiation here.
aand5 [3a s g] c1 and
^^^^^^^^^^^^^^^^^^^^^
Z:\home\jack\Downloads\KiCad-Spice-Library\Models\Digital Logic\74HC.LIB(581): Expected node name here.
aand6 [3b abb g] c2 and
                       ^
Z:\home\jack\Downloads\KiCad-Spice-Library\Models\Digital Logic\74HC.LIB(581): Expected directive or device instantiation here.
aand6 [3b abb g] c2 and
^^^^^^^^^^^^^^^^^^^^^^^
Z:\home\jack\Downloads\KiCad-Spice-Library\Models\Digital Logic\74HC.LIB(582): Expected node name here.
aorc [c1 c2] 3y ls_or
                     ^
Z:\home\jack\Downloads\KiCad-Spice-Library\Models\Digital Logic\74HC.LIB(582): Expected directive or device instantiation here.
aorc [c1 c2] 3y ls_or
^^^^^^^^^^^^^^^^^^^^^
Z:\home\jack\Downloads\KiCad-Spice-Library\Models\Digital Logic\74HC.LIB(584): Expected node name here.
aand7 [4a s g] d1 and
                     ^
Z:\home\jack\Downloads\KiCad-Spice-Library\Models\Digital Logic\74HC.LIB(584): Expected directive or device instantiation here.
aand7 [4a s g] d1 and
^^^^^^^^^^^^^^^^^^^^^
Z:\home\jack\Downloads\KiCad-Spice-Library\Models\Digital Logic\74HC.LIB(585): Expected node name here.
aand8 [4b abb g] d2 and
                       ^
Z:\home\jack\Downloads\KiCad-Spice-Library\Models\Digital Logic\74HC.LIB(585): Expected directive or device instantiation here.
aand8 [4b abb g] d2 and
^^^^^^^^^^^^^^^^^^^^^^^
Z:\home\jack\Downloads\KiCad-Spice-Library\Models\Digital Logic\74HC.LIB(586): Expected node name here.
aord [d1 d2] 4y ls_or
                     ^
Z:\home\jack\Downloads\KiCad-Spice-Library\Models\Digital Logic\74HC.LIB(586): Expected directive or device instantiation here.
aord [d1 d2] 4y ls_or
^^^^^^^^^^^^^^^^^^^^^
Z:\home\jack\Downloads\KiCad-Spice-Library\Models\Digital Logic\74HC.LIB(609): Expected node name here.
abuf1 strb gb buf1
                  ^
Z:\home\jack\Downloads\KiCad-Spice-Library\Models\Digital Logic\74HC.LIB(609): Expected directive or device instantiation here.
abuf1 strb gb buf1
^^^^^^^^^^^^^^^^^^
Z:\home\jack\Downloads\KiCad-Spice-Library\Models\Digital Logic\74HC.LIB(610): Expected node name here.
abuf2 selectab abb buf2
                       ^
Z:\home\jack\Downloads\KiCad-Spice-Library\Models\Digital Logic\74HC.LIB(610): Expected directive or device instantiation here.
abuf2 selectab abb buf2
^^^^^^^^^^^^^^^^^^^^^^^
Z:\home\jack\Downloads\KiCad-Spice-Library\Models\Digital Logic\74HC.LIB(611): Expected node name here.
ainv1 gb g inv
              ^
Z:\home\jack\Downloads\KiCad-Spice-Library\Models\Digital Logic\74HC.LIB(611): Expected directive or device instantiation here.
ainv1 gb g inv
^^^^^^^^^^^^^^
Z:\home\jack\Downloads\KiCad-Spice-Library\Models\Digital Logic\74HC.LIB(612): Expected node name here.
ainv2 abb s inv
               ^
Z:\home\jack\Downloads\KiCad-Spice-Library\Models\Digital Logic\74HC.LIB(612): Expected directive or device instantiation here.
ainv2 abb s inv
^^^^^^^^^^^^^^^
Z:\home\jack\Downloads\KiCad-Spice-Library\Models\Digital Logic\74HC.LIB(614): Expected node name here.
aand1 [1a s g] a1 and
                     ^
Z:\home\jack\Downloads\KiCad-Spice-Library\Models\Digital Logic\74HC.LIB(614): Expected directive or device instantiation here.
aand1 [1a s g] a1 and
^^^^^^^^^^^^^^^^^^^^^
Z:\home\jack\Downloads\KiCad-Spice-Library\Models\Digital Logic\74HC.LIB(615): Expected node name here.
aand2 [1b abb g] a2 and
                       ^
Z:\home\jack\Downloads\KiCad-Spice-Library\Models\Digital Logic\74HC.LIB(615): Expected directive or device instantiation here.
aand2 [1b abb g] a2 and
^^^^^^^^^^^^^^^^^^^^^^^
Z:\home\jack\Downloads\KiCad-Spice-Library\Models\Digital Logic\74HC.LIB(616): Expected node name here.
anora [a1 a2] 1y ls_nor
                       ^
Z:\home\jack\Downloads\KiCad-Spice-Library\Models\Digital Logic\74HC.LIB(616): Expected directive or device instantiation here.
anora [a1 a2] 1y ls_nor
^^^^^^^^^^^^^^^^^^^^^^^
Z:\home\jack\Downloads\KiCad-Spice-Library\Models\Digital Logic\74HC.LIB(618): Expected node name here.
aand3 [2a s g] b1 and
                     ^
Z:\home\jack\Downloads\KiCad-Spice-Library\Models\Digital Logic\74HC.LIB(618): Expected directive or device instantiation here.
aand3 [2a s g] b1 and
^^^^^^^^^^^^^^^^^^^^^
Z:\home\jack\Downloads\KiCad-Spice-Library\Models\Digital Logic\74HC.LIB(619): Expected node name here.
aand4 [2b abb g] b2 and
                       ^
Z:\home\jack\Downloads\KiCad-Spice-Library\Models\Digital Logic\74HC.LIB(619): Expected directive or device instantiation here.
aand4 [2b abb g] b2 and
^^^^^^^^^^^^^^^^^^^^^^^
Z:\home\jack\Downloads\KiCad-Spice-Library\Models\Digital Logic\74HC.LIB(620): Expected node name here.
anorb [b1 b2] 2y ls_nor
                       ^
Z:\home\jack\Downloads\KiCad-Spice-Library\Models\Digital Logic\74HC.LIB(620): Expected directive or device instantiation here.
anorb [b1 b2] 2y ls_nor
^^^^^^^^^^^^^^^^^^^^^^^
Z:\home\jack\Downloads\KiCad-Spice-Library\Models\Digital Logic\74HC.LIB(622): Expected node name here.
aand5 [3a s g] c1 and
                     ^
Z:\home\jack\Downloads\KiCad-Spice-Library\Models\Digital Logic\74HC.LIB(622): Expected directive or device instantiation here.
aand5 [3a s g] c1 and
^^^^^^^^^^^^^^^^^^^^^
Z:\home\jack\Downloads\KiCad-Spice-Library\Models\Digital Logic\74HC.LIB(623): Expected node name here.
aand6 [3b abb g] c2 and
                       ^
Z:\home\jack\Downloads\KiCad-Spice-Library\Models\Digital Logic\74HC.LIB(623): Expected directive or device instantiation here.
aand6 [3b abb g] c2 and
^^^^^^^^^^^^^^^^^^^^^^^
Z:\home\jack\Downloads\KiCad-Spice-Library\Models\Digital Logic\74HC.LIB(624): Expected node name here.
anorc [c1 c2] 3y ls_nor
                       ^
Z:\home\jack\Downloads\KiCad-Spice-Library\Models\Digital Logic\74HC.LIB(624): Expected directive or device instantiation here.
anorc [c1 c2] 3y ls_nor
^^^^^^^^^^^^^^^^^^^^^^^
Z:\home\jack\Downloads\KiCad-Spice-Library\Models\Digital Logic\74HC.LIB(626): Expected node name here.
aand7 [4a s g] d1 and
                     ^
Z:\home\jack\Downloads\KiCad-Spice-Library\Models\Digital Logic\74HC.LIB(626): Expected directive or device instantiation here.
aand7 [4a s g] d1 and
^^^^^^^^^^^^^^^^^^^^^
Z:\home\jack\Downloads\KiCad-Spice-Library\Models\Digital Logic\74HC.LIB(627): Expected node name here.
aand8 [4b abb g] d2 and
                       ^
Z:\home\jack\Downloads\KiCad-Spice-Library\Models\Digital Logic\74HC.LIB(627): Expected directive or device instantiation here.
aand8 [4b abb g] d2 and
^^^^^^^^^^^^^^^^^^^^^^^
Z:\home\jack\Downloads\KiCad-Spice-Library\Models\Digital Logic\74HC.LIB(628): Expected node name here.
anord [d1 d2] 4y ls_nor
                       ^
Z:\home\jack\Downloads\KiCad-Spice-Library\Models\Digital Logic\74HC.LIB(628): Expected directive or device instantiation here.
anord [d1 d2] 4y ls_nor
^^^^^^^^^^^^^^^^^^^^^^^
Z:\home\jack\Downloads\KiCad-Spice-Library\Models\Digital Logic\74HC.LIB(651): Expected node name here.
ainv1 loadb ld inv
                  ^
Z:\home\jack\Downloads\KiCad-Spice-Library\Models\Digital Logic\74HC.LIB(651): Expected directive or device instantiation here.
ainv1 loadb ld inv
^^^^^^^^^^^^^^^^^^
Z:\home\jack\Downloads\KiCad-Spice-Library\Models\Digital Logic\74HC.LIB(652): Expected node name here.
ainv2 clrb clr inv
                  ^
Z:\home\jack\Downloads\KiCad-Spice-Library\Models\Digital Logic\74HC.LIB(652): Expected directive or device instantiation here.
ainv2 clrb clr inv
^^^^^^^^^^^^^^^^^^
Z:\home\jack\Downloads\KiCad-Spice-Library\Models\Digital Logic\74HC.LIB(654): Expected node name here.
aand1 [enp ent] en and
                      ^
Z:\home\jack\Downloads\KiCad-Spice-Library\Models\Digital Logic\74HC.LIB(654): Expected directive or device instantiation here.
aand1 [enp ent] en and
^^^^^^^^^^^^^^^^^^^^^^
Z:\home\jack\Downloads\KiCad-Spice-Library\Models\Digital Logic\74HC.LIB(655): Expected node name here.
aand2 [en qa] 1 and
                   ^
Z:\home\jack\Downloads\KiCad-Spice-Library\Models\Digital Logic\74HC.LIB(655): Expected directive or device instantiation here.
aand2 [en qa] 1 and
^^^^^^^^^^^^^^^^^^^
Z:\home\jack\Downloads\KiCad-Spice-Library\Models\Digital Logic\74HC.LIB(656): Expected node name here.
aand3 [en qa qb] 2 and
                      ^
Z:\home\jack\Downloads\KiCad-Spice-Library\Models\Digital Logic\74HC.LIB(656): Expected directive or device instantiation here.
aand3 [en qa qb] 2 and
^^^^^^^^^^^^^^^^^^^^^^
Z:\home\jack\Downloads\KiCad-Spice-Library\Models\Digital Logic\74HC.LIB(657): Expected node name here.
aand4 [en qa qb qc] 3 and
                         ^
Z:\home\jack\Downloads\KiCad-Spice-Library\Models\Digital Logic\74HC.LIB(657): Expected directive or device instantiation here.
aand4 [en qa qb qc] 3 and
^^^^^^^^^^^^^^^^^^^^^^^^^
Z:\home\jack\Downloads\KiCad-Spice-Library\Models\Digital Logic\74HC.LIB(658): Expected node name here.
aand5 [ent qa qb qc qd] rco ls_and
                                  ^
Z:\home\jack\Downloads\KiCad-Spice-Library\Models\Digital Logic\74HC.LIB(658): Expected directive or device instantiation here.
aand5 [ent qa qb qc qd] rco ls_and
^^^^^^^^^^^^^^^^^^^^^^^^^^^^^^^^^^
Z:\home\jack\Downloads\KiCad-Spice-Library\Models\Digital Logic\74HC.LIB(666): Expected node name here.
anand1 [ld 2] 1 nand
                    ^
Z:\home\jack\Downloads\KiCad-Spice-Library\Models\Digital Logic\74HC.LIB(666): Expected directive or device instantiation here.
anand1 [ld 2] 1 nand
^^^^^^^^^^^^^^^^^^^^
Z:\home\jack\Downloads\KiCad-Spice-Library\Models\Digital Logic\74HC.LIB(667): Expected node name here.
anand2 [ld d] 2 nand
                    ^
Z:\home\jack\Downloads\KiCad-Spice-Library\Models\Digital Logic\74HC.LIB(667): Expected directive or device instantiation here.
anand2 [ld d] 2 nand
^^^^^^^^^^^^^^^^^^^^
Z:\home\jack\Downloads\KiCad-Spice-Library\Models\Digital Logic\74HC.LIB(668): Expected node name here.
aor [en ld] 3 or
                ^
Z:\home\jack\Downloads\KiCad-Spice-Library\Models\Digital Logic\74HC.LIB(668): Expected directive or device instantiation here.
aor [en ld] 3 or
^^^^^^^^^^^^^^^^
Z:\home\jack\Downloads\KiCad-Spice-Library\Models\Digital Logic\74HC.LIB(669): Expected node name here.
aand1 [1 3] j and
                 ^
Z:\home\jack\Downloads\KiCad-Spice-Library\Models\Digital Logic\74HC.LIB(669): Expected directive or device instantiation here.
aand1 [1 3] j and
^^^^^^^^^^^^^^^^^
Z:\home\jack\Downloads\KiCad-Spice-Library\Models\Digital Logic\74HC.LIB(670): Expected node name here.
aand2 [2 3] k and
                 ^
Z:\home\jack\Downloads\KiCad-Spice-Library\Models\Digital Logic\74HC.LIB(670): Expected directive or device instantiation here.
aand2 [2 3] k and
^^^^^^^^^^^^^^^^^
Z:\home\jack\Downloads\KiCad-Spice-Library\Models\Digital Logic\74HC.LIB(671): Expected valid special function name here.
ajk j k clk l clr q qb ls_jkff
                              ^
Z:\home\jack\Downloads\KiCad-Spice-Library\Models\Digital Logic\74HC.LIB(672): Expected node name here.
al l low
        ^
Z:\home\jack\Downloads\KiCad-Spice-Library\Models\Digital Logic\74HC.LIB(672): Expected directive or device instantiation here.
al l low
^^^^^^^^
Z:\home\jack\Downloads\KiCad-Spice-Library\Models\Digital Logic\74HC.LIB(702): Expected node name here.
ainv1 clrb clr inva
                   ^
Z:\home\jack\Downloads\KiCad-Spice-Library\Models\Digital Logic\74HC.LIB(702): Expected directive or device instantiation here.
ainv1 clrb clr inva
^^^^^^^^^^^^^^^^^^^
Z:\home\jack\Downloads\KiCad-Spice-Library\Models\Digital Logic\74HC.LIB(703): Expected node name here.
anor1 [loadb clr] lc nor
                        ^
Z:\home\jack\Downloads\KiCad-Spice-Library\Models\Digital Logic\74HC.LIB(703): Expected directive or device instantiation here.
anor1 [loadb clr] lc nor
^^^^^^^^^^^^^^^^^^^^^^^^
Z:\home\jack\Downloads\KiCad-Spice-Library\Models\Digital Logic\74HC.LIB(704): Expected node name here.
anor2 [clr lc] u1 nor
                     ^
Z:\home\jack\Downloads\KiCad-Spice-Library\Models\Digital Logic\74HC.LIB(704): Expected directive or device instantiation here.
anor2 [clr lc] u1 nor
^^^^^^^^^^^^^^^^^^^^^
Z:\home\jack\Downloads\KiCad-Spice-Library\Models\Digital Logic\74HC.LIB(705): Expected node name here.
aand1 [enp ent] en and
                      ^
Z:\home\jack\Downloads\KiCad-Spice-Library\Models\Digital Logic\74HC.LIB(705): Expected directive or device instantiation here.
aand1 [enp ent] en and
^^^^^^^^^^^^^^^^^^^^^^
Z:\home\jack\Downloads\KiCad-Spice-Library\Models\Digital Logic\74HC.LIB(712): Expected node name here.
anorc [qab qbb] rc nor
                      ^
Z:\home\jack\Downloads\KiCad-Spice-Library\Models\Digital Logic\74HC.LIB(712): Expected directive or device instantiation here.
anorc [qab qbb] rc nor
^^^^^^^^^^^^^^^^^^^^^^
Z:\home\jack\Downloads\KiCad-Spice-Library\Models\Digital Logic\74HC.LIB(713): Expected node name here.
anord [qab abb qcb] rd nor
                          ^
Z:\home\jack\Downloads\KiCad-Spice-Library\Models\Digital Logic\74HC.LIB(713): Expected directive or device instantiation here.
anord [qab abb qcb] rd nor
^^^^^^^^^^^^^^^^^^^^^^^^^^
Z:\home\jack\Downloads\KiCad-Spice-Library\Models\Digital Logic\74HC.LIB(715): Expected node name here.
aandrco [qa qb qc qd ent] rco andmod
                                    ^
Z:\home\jack\Downloads\KiCad-Spice-Library\Models\Digital Logic\74HC.LIB(715): Expected directive or device instantiation here.
aandrco [qa qb qc qd ent] rco andmod
^^^^^^^^^^^^^^^^^^^^^^^^^^^^^^^^^^^^
Z:\home\jack\Downloads\KiCad-Spice-Library\Models\Digital Logic\74HC.LIB(718): Expected node name here.
aand1 [a ld] a1 and
                   ^
Z:\home\jack\Downloads\KiCad-Spice-Library\Models\Digital Logic\74HC.LIB(718): Expected directive or device instantiation here.
aand1 [a ld] a1 and
^^^^^^^^^^^^^^^^^^^
Z:\home\jack\Downloads\KiCad-Spice-Library\Models\Digital Logic\74HC.LIB(719): Expected node name here.
aand2 [ox u1] a2 and
                    ^
Z:\home\jack\Downloads\KiCad-Spice-Library\Models\Digital Logic\74HC.LIB(719): Expected directive or device instantiation here.
aand2 [ox u1] a2 and
^^^^^^^^^^^^^^^^^^^^
Z:\home\jack\Downloads\KiCad-Spice-Library\Models\Digital Logic\74HC.LIB(720): Expected node name here.
axnor [ix qb] ox xnor
                     ^
Z:\home\jack\Downloads\KiCad-Spice-Library\Models\Digital Logic\74HC.LIB(720): Expected directive or device instantiation here.
axnor [ix qb] ox xnor
^^^^^^^^^^^^^^^^^^^^^
Z:\home\jack\Downloads\KiCad-Spice-Library\Models\Digital Logic\74HC.LIB(721): Expected node name here.
aand3 [en r1] ix and
                    ^
Z:\home\jack\Downloads\KiCad-Spice-Library\Models\Digital Logic\74HC.LIB(721): Expected directive or device instantiation here.
aand3 [en r1] ix and
^^^^^^^^^^^^^^^^^^^^
Z:\home\jack\Downloads\KiCad-Spice-Library\Models\Digital Logic\74HC.LIB(722): Expected node name here.
aor [a1 a2] d or
                ^
Z:\home\jack\Downloads\KiCad-Spice-Library\Models\Digital Logic\74HC.LIB(722): Expected directive or device instantiation here.
aor [a1 a2] d or
^^^^^^^^^^^^^^^^
Z:\home\jack\Downloads\KiCad-Spice-Library\Models\Digital Logic\74HC.LIB(723): Expected node name here.
ad d clk h h q qb ls_dff
                        ^
Z:\home\jack\Downloads\KiCad-Spice-Library\Models\Digital Logic\74HC.LIB(723): Expected directive or device instantiation here.
ad d clk h h q qb ls_dff
^^^^^^^^^^^^^^^^^^^^^^^^
Z:\home\jack\Downloads\KiCad-Spice-Library\Models\Digital Logic\74HC.LIB(724): Expected node name here.
al h high
         ^
Z:\home\jack\Downloads\KiCad-Spice-Library\Models\Digital Logic\74HC.LIB(724): Expected directive or device instantiation here.
al h high
^^^^^^^^^
Z:\home\jack\Downloads\KiCad-Spice-Library\Models\Digital Logic\74HC.LIB(754): Expected node name here.
aand [a b] in ls_and
                    ^
Z:\home\jack\Downloads\KiCad-Spice-Library\Models\Digital Logic\74HC.LIB(754): Expected directive or device instantiation here.
aand [a b] in ls_and
^^^^^^^^^^^^^^^^^^^^
Z:\home\jack\Downloads\KiCad-Spice-Library\Models\Digital Logic\74HC.LIB(756): Expected valid special function name here.
ast1 [in] clk clr [qa qb qc qd] ls_shift4
                                         ^
Z:\home\jack\Downloads\KiCad-Spice-Library\Models\Digital Logic\74HC.LIB(757): Expected valid special function name here.
ast2 [qd] clk clr [qe qf qg qh] ls_shift4
                                         ^
Z:\home\jack\Downloads\KiCad-Spice-Library\Models\Digital Logic\74HC.LIB(759): Expected node name here.
ainv1 clrbar clr ls_inv
                       ^
Z:\home\jack\Downloads\KiCad-Spice-Library\Models\Digital Logic\74HC.LIB(759): Expected directive or device instantiation here.
ainv1 clrbar clr ls_inv
^^^^^^^^^^^^^^^^^^^^^^^
Z:\home\jack\Downloads\KiCad-Spice-Library\Models\Digital Logic\74HC.LIB(781): Expected node name here.
adff1 d1 clk pre clrb q1 q1b ls_dff 
                                   ^
Z:\home\jack\Downloads\KiCad-Spice-Library\Models\Digital Logic\74HC.LIB(781): Expected directive or device instantiation here.
adff1 d1 clk pre clrb q1 q1b ls_dff 
^^^^^^^^^^^^^^^^^^^^^^^^^^^^^^^^^^^
Z:\home\jack\Downloads\KiCad-Spice-Library\Models\Digital Logic\74HC.LIB(782): Expected node name here.
adff2 d2 clk pre clrb q2 q2b ls_dff
                                   ^
Z:\home\jack\Downloads\KiCad-Spice-Library\Models\Digital Logic\74HC.LIB(782): Expected directive or device instantiation here.
adff2 d2 clk pre clrb q2 q2b ls_dff
^^^^^^^^^^^^^^^^^^^^^^^^^^^^^^^^^^^
Z:\home\jack\Downloads\KiCad-Spice-Library\Models\Digital Logic\74HC.LIB(783): Expected node name here.
adff3 d3 clk pre clrb q3 q3b ls_dff
                                   ^
Z:\home\jack\Downloads\KiCad-Spice-Library\Models\Digital Logic\74HC.LIB(783): Expected directive or device instantiation here.
adff3 d3 clk pre clrb q3 q3b ls_dff
^^^^^^^^^^^^^^^^^^^^^^^^^^^^^^^^^^^
Z:\home\jack\Downloads\KiCad-Spice-Library\Models\Digital Logic\74HC.LIB(784): Expected node name here.
adff4 d4 clk pre clrb q4 q4b ls_dff
                                   ^
Z:\home\jack\Downloads\KiCad-Spice-Library\Models\Digital Logic\74HC.LIB(784): Expected directive or device instantiation here.
adff4 d4 clk pre clrb q4 q4b ls_dff
^^^^^^^^^^^^^^^^^^^^^^^^^^^^^^^^^^^
Z:\home\jack\Downloads\KiCad-Spice-Library\Models\Digital Logic\74HC.LIB(785): Expected node name here.
adff5 d5 clk pre clrb q5 q5b ls_dff
                                   ^
Z:\home\jack\Downloads\KiCad-Spice-Library\Models\Digital Logic\74HC.LIB(785): Expected directive or device instantiation here.
adff5 d5 clk pre clrb q5 q5b ls_dff
^^^^^^^^^^^^^^^^^^^^^^^^^^^^^^^^^^^
Z:\home\jack\Downloads\KiCad-Spice-Library\Models\Digital Logic\74HC.LIB(786): Expected node name here.
adff6 d6 clk pre clrb q6 q6b ls_dff
                                   ^
Z:\home\jack\Downloads\KiCad-Spice-Library\Models\Digital Logic\74HC.LIB(786): Expected directive or device instantiation here.
adff6 d6 clk pre clrb q6 q6b ls_dff
^^^^^^^^^^^^^^^^^^^^^^^^^^^^^^^^^^^
Z:\home\jack\Downloads\KiCad-Spice-Library\Models\Digital Logic\74HC.LIB(789): Expected node name here.
aone pre plup
             ^
Z:\home\jack\Downloads\KiCad-Spice-Library\Models\Digital Logic\74HC.LIB(789): Expected directive or device instantiation here.
aone pre plup
^^^^^^^^^^^^^
Z:\home\jack\Downloads\KiCad-Spice-Library\Models\Digital Logic\74HC.LIB(810): Expected node name here.
adff1 d1 clk pre clrb q1 q1b ls_dff 
                                   ^
Z:\home\jack\Downloads\KiCad-Spice-Library\Models\Digital Logic\74HC.LIB(810): Expected directive or device instantiation here.
adff1 d1 clk pre clrb q1 q1b ls_dff 
^^^^^^^^^^^^^^^^^^^^^^^^^^^^^^^^^^^
Z:\home\jack\Downloads\KiCad-Spice-Library\Models\Digital Logic\74HC.LIB(811): Expected node name here.
adff2 d2 clk pre clrb q2 q2b ls_dff
                                   ^
Z:\home\jack\Downloads\KiCad-Spice-Library\Models\Digital Logic\74HC.LIB(811): Expected directive or device instantiation here.
adff2 d2 clk pre clrb q2 q2b ls_dff
^^^^^^^^^^^^^^^^^^^^^^^^^^^^^^^^^^^
Z:\home\jack\Downloads\KiCad-Spice-Library\Models\Digital Logic\74HC.LIB(812): Expected node name here.
adff3 d3 clk pre clrb q3 q3b ls_dff
                                   ^
Z:\home\jack\Downloads\KiCad-Spice-Library\Models\Digital Logic\74HC.LIB(812): Expected directive or device instantiation here.
adff3 d3 clk pre clrb q3 q3b ls_dff
^^^^^^^^^^^^^^^^^^^^^^^^^^^^^^^^^^^
Z:\home\jack\Downloads\KiCad-Spice-Library\Models\Digital Logic\74HC.LIB(813): Expected node name here.
adff4 d4 clk pre clrb q4 q4b ls_dff
                                   ^
Z:\home\jack\Downloads\KiCad-Spice-Library\Models\Digital Logic\74HC.LIB(813): Expected directive or device instantiation here.
adff4 d4 clk pre clrb q4 q4b ls_dff
^^^^^^^^^^^^^^^^^^^^^^^^^^^^^^^^^^^
Z:\home\jack\Downloads\KiCad-Spice-Library\Models\Digital Logic\74HC.LIB(815): Expected node name here.
aone pre plup
             ^
Z:\home\jack\Downloads\KiCad-Spice-Library\Models\Digital Logic\74HC.LIB(815): Expected directive or device instantiation here.
aone pre plup
^^^^^^^^^^^^^
Z:\home\jack\Downloads\KiCad-Spice-Library\Models\Digital Logic\74HC.LIB(849): Expected end of line here.
FAMILY TTLin TTLin TTLin ###>TTLin TTLin TTLin + TTLout TTLout TTLout TTLout TTLout TTLout TTLout TTLout *pinout SOT38Z 15 14 13 1 2 3 4 5 6 7 9 10 11 12:VCC=16 GND=8 *pinout SO16 15 14 13 1 2 3 4 5 6 7 9 10 11 12:VCC=16 GND=8 *pinout SOT109A 15 14 13 1 2 3 4 5 6 7 9 10 11 12:VCC=16 GND=8 ainv1 s0 s0b inv ainv2 s1 s1b inv ainv3 s2 s2b inv  aand1 [s0b s1b s2b] t0 and aand2 [s0 s1b s2b] t1 and aand3 [s0b s1 s2b] t2 and aand4 [s0 s1 s2b] t3 and aand5 [s0b s1b s2] t4 and aand6 [s0 s1b s2] t5 and aand7 [s0b s1 s2] t6 and aand8 [s0 s1 s2] t7 and  aor1 [gb t0] g0 or aor2 [gb t1] g1 or aor3 [gb t2] g2 or aor4 [gb t3] g3 or aor5 [gb t4] g4 or aor6 [gb t5] g5 or aor7 [gb t6] g6 or aor8 [gb t7] g7 or  anora1 [g0 clrb] r0 nor anora2 [g1 clrb] r1 nor anora3 [g2 clrb] r2 nor anora4 [g3 clrb] r3 nor anora5 [g4 clrb] r4 nor anora6 [g5 clrb] r5 nor anora7 [g6 clrb] r6 nor anora8 [g7 clrb] r7 nor  adl1 d g0 l r0 q0 q0b ls_dltch adl2 d g1 l r1 q1 q1b ls_dltch adl3 d g2 l r2 q2 q2b ls_dltch adl4 d g3 l r3 q3 q3b ls_dltch adl5 d g4 l r4 q4 q4b ls_dltch adl6 d g5 l r5 q5 q5b ls_dltch adl7 d g6 l r6 q6 q6b ls_dltch adl8 d g7 l r7 q7 q7b ls_dltch  al l low .model low d_pulldown .model inv d_inverter .model and d_and .model nor d_nor .model or d_or .model ls_dltch d_dlatch(data_delay=21n  + enable_delay=31n reset_delay=24n)  .ends * * ********************** *SRC=74HC273;74HC273;CMOS;74HCxx;D-type Flip-Flop *SYM=T74273 *74HC273 OCTAL D-TYPE FLIP-FLOP WITH CLEAR *** .subckt 74HC273 clrb clk d1 d2 d3 d4 d5 + d6 d7 d8 q1 q2 q3 q4 q5 q6 q7 q8 *FAMILY TTLin TTLin TTLin TTLin TTLin TTLin + TTLin TTLin TTLin TTLin TTLout TTLout TTLout + TTLout TTLout TTLout TTLout TTLout *pinout SOT146 1 11 3 4 7 8 13 14 17 18 2 5 6 9 12 15 16 19:VCC=20 GND=10 *pinout SO20 1 11 3 4 7 8 13 14 17 18 2 5 6 9 12 15 16 19:VCC=20 GND=10 *pinout SOT163A 1 11 3 4 7 8 13 14 17 18 2 5 6 9 12 15 16 19:VCC=20 GND=10 ah h high .model high d_pullup  adff1 d1 clk h clrb q1 q1b ls_dff adff2 d2 clk h clrb q2 q2b ls_dff adff3 d3 clk h clrb q3 q3b ls_dff adff4 d4 clk h clrb q4 q4b ls_dff adff5 d5 clk h clrb q5 q5b ls_dff adff6 d6 clk h clrb q6 q6b ls_dff adff7 d7 clk h clrb q7 q7b ls_dff adff8 d8 clk h clrb q8 q8b ls_dff  .model inv d_inverter .model ls_dff d_dff(rise_delay=25n fall_delay=25n)  .ends * * ********************** *SRC=74HC365;74HC365;CMOS;74HCxx;Bus driver *SYM=T74365A *74HC365 HEX BUS DRIVERS WITH 3-STATE OUTPUTS *** .subckt 74HC365 a1 a2 a3 a4 a5 a6 g1b g2b + y1 y2 y3 y4 y5 y6 *FAMILY TTLin TTLin TTLin TTLin TTLin TTLin TTLin + TTLin TTLout TTLout TTLout TTLout TTLout TTLout *pinout SOT38Z 2 4 6 10 12 14 1 15 3 5 7 9 11 13:VCC=16 GND=8 *pinout SO16 2 4 6 10 12 14 1 15 3 5 7 9 11 13:VCC=16 GND=8 *pinout SOT109A 2 4 6 10 12 14 1 15 3 5 7 9 11 13:VCC=16 GND=8 anor [g1b g2b] g nor  atri1 a1 g y1 ls_tri atri2 a2 g y2 ls_tri atri3 a3 g y3 ls_tri atri4 a4 g y4 ls_tri atri5 a5 g y5 ls_tri atri6 a6 g y6 ls_tri  .model ls_tri d_tristate(delay=15n) .model nor d_nor(rise_delay=15n fall_delay=15n) .ends * * ********************** *SRC=74HC367;74HC367;CMOS;74HCxx;Bus driver *SYM=T74367A *74HC367 HEX BUS DRIVERS WITH 3-STATE OUTPUTS *** .subckt 74HC367 1a1 1a2 1a3 1a4 2a1 2a2 g1b g2b + 1y1 1y2 1y3 1y4 2y1 2y2 *FAMILY TTLin TTLin TTLin TTLin TTLin TTLin TTLin + TTLin TTLout TTLout TTLout TTLout TTLout TTLout *pinout SOT38Z 2 4 6 10 12 14 1 15 3 5 7 9 11 13:VCC=16 GND=8 *pinout SO16 2 4 6 10 12 14 1 15 3 5 7 9 11 13:VCC=16 GND=8 *pinout SOT109A 2 4 6 10 12 14 1 15 3 5 7 9 11 13:VCC=16 GND=8 ainv1 g1b g1 inv ainv2 g2b g2 inv  atri1 1a1 g1 1y1 ls_tri atri2 1a2 g1 1y2 ls_tri atri3 1a3 g1 1y3 ls_tri atri4 1a4 g1 1y4 ls_tri atri5 2a1 g2 2y1 ls_tri atri6 2a2 g2 2y2 ls_tri   .model inv d_inverter(rise_delay=15n + fall_delay=15n) .model ls_tri d_tristate(delay=15n) .ends * * ********************** *SRC=74HC368;74HC368;CMOS;74HCxx;Bus driver *SYM=T74368A *74HC368 HEX BUS DRIVERS WITH 3-STATE OUTPUTS *** .subckt 74HC368 1a1 1a2 1a3 1a4 2a1 2a2 g1b g2b + 1y1 1y2 1y3 1y4 2y1 2y2 *FAMILY TTLin TTLin TTLin TTLin TTLin TTLin TTLin + TTLin TTLout TTLout TTLout TTLout TTLout TTLout *pinout SOT38Z 2 4 6 10 12 14 1 15 3 5 7 9 11 13:VCC=16 GND=8 *pinout SO16 2 4 6 10 12 14 1 15 3 5 7 9 11 13:VCC=16 GND=8 *pinout SOT109A 2 4 6 10 12 14 1 15 3 5 7 9 11 13:VCC=16 GND=8 ainva g1b g1 inv ainvb g2b g2 inv  atri1 1a1 g1 1y1i ls_tri atri2 1a2 g1 1y2i ls_tri atri3 1a3 g1 1y3i ls_tri atri4 1a4 g1 1y4i ls_tri atri5 2a1 g2 2y1i ls_tri atri6 2a2 g2 2y2i ls_tri  ainv1 1y1i 1y1 inv ainv2 1y2i 1y2 inv ainv3 1y3i 1y3 inv ainv4 1y4i 1y4 inv ainv5 2y1i 2y1 inv ainv6 2y2i 2y2 inv  .model inv d_inverter(rise_delay=15n fall_delay=15n) .model ls_tri d_tristate(delay=15n) .ends * * ********************** *SRC=74HC393;74HC393;CMOS;74HCxx;Binary counter *SYM=T74393 *74HC393 COUNTER BINARY 4-BIT, ASYNCHRONOUS *** .subckt 74HC393 clk clr qa qb qc qd *FAMILY TTLin TTLin TTLout TTLout TTLout TTLout *pinout SOT27 1 2 3 4 5 6;13 12 11 10 9 8:VCC=14 GND=7 *pinout SO14 1 2 3 4 5 6;13 12 11 10 9 8:VCC=14 GND=7 *pinout SO108A 1 2 3 4 5 6;13 12 11 10 9 8:VCC=14 GND=7 ainv1 clk nclk inv  acount16 [low] nclk clr [iqa iqb iqc iqd] ls_count16 alow low low  abuf1 iqa qa ls_bufa abuf2 iqb qb ls_buf abuf3 iqc qc ls_buf abuf4 iqd qd ls_buf  .model low d_pulldown .model ls_count16 d_state(state_file=count16.txt reset_delay=26n) .model ls_bufa d_buffer(rise_delay=19n fall_delay=19n) .model ls_buf d_buffer(rise_delay=31n fall_delay=31n) .model inv d_inverter  .model and d_and .ends * * ************** 	 <###
Z:\home\jack\Downloads\KiCad-Spice-Library\Models\Digital Logic\74HC.LIB(849): syntax error
FAMILY TTLin TTLin TTLin ###>TTLin TTLin TTLin + TTLout TTLout TTLout TTLout TTLout TTLout TTLout TTLout<###
Z:\home\jack\Downloads\KiCad-Spice-Library\Models\Digital Logic\74HC.LIB(854): Expected node name here.
ainv1 s0 s0b inv
                ^
Z:\home\jack\Downloads\KiCad-Spice-Library\Models\Digital Logic\74HC.LIB(854): Expected device instantiation or directive here.
ainv1 s0 s0b inv
^^^^^^^^^^^^^^^^
Z:\home\jack\Downloads\KiCad-Spice-Library\Models\Digital Logic\74HC.LIB(855): Expected node name here.
ainv2 s1 s1b inv
                ^
Z:\home\jack\Downloads\KiCad-Spice-Library\Models\Digital Logic\74HC.LIB(855): Expected device instantiation or directive here.
ainv2 s1 s1b inv
^^^^^^^^^^^^^^^^
Z:\home\jack\Downloads\KiCad-Spice-Library\Models\Digital Logic\74HC.LIB(856): Expected node name here.
ainv3 s2 s2b inv
                ^
Z:\home\jack\Downloads\KiCad-Spice-Library\Models\Digital Logic\74HC.LIB(856): Expected device instantiation or directive here.
ainv3 s2 s2b inv
^^^^^^^^^^^^^^^^
Z:\home\jack\Downloads\KiCad-Spice-Library\Models\Digital Logic\74HC.LIB(858): Expected node name here.
aand1 [s0b s1b s2b] t0 and
                          ^
Z:\home\jack\Downloads\KiCad-Spice-Library\Models\Digital Logic\74HC.LIB(858): Expected device instantiation or directive here.
aand1 [s0b s1b s2b] t0 and
^^^^^^^^^^^^^^^^^^^^^^^^^^
Z:\home\jack\Downloads\KiCad-Spice-Library\Models\Digital Logic\74HC.LIB(859): Expected node name here.
aand2 [s0 s1b s2b] t1 and
                         ^
Z:\home\jack\Downloads\KiCad-Spice-Library\Models\Digital Logic\74HC.LIB(859): Expected device instantiation or directive here.
aand2 [s0 s1b s2b] t1 and
^^^^^^^^^^^^^^^^^^^^^^^^^
Z:\home\jack\Downloads\KiCad-Spice-Library\Models\Digital Logic\74HC.LIB(860): Expected node name here.
aand3 [s0b s1 s2b] t2 and
                         ^
Z:\home\jack\Downloads\KiCad-Spice-Library\Models\Digital Logic\74HC.LIB(860): Expected device instantiation or directive here.
aand3 [s0b s1 s2b] t2 and
^^^^^^^^^^^^^^^^^^^^^^^^^
Z:\home\jack\Downloads\KiCad-Spice-Library\Models\Digital Logic\74HC.LIB(861): Expected node name here.
aand4 [s0 s1 s2b] t3 and
                        ^
Z:\home\jack\Downloads\KiCad-Spice-Library\Models\Digital Logic\74HC.LIB(861): Expected device instantiation or directive here.
aand4 [s0 s1 s2b] t3 and
^^^^^^^^^^^^^^^^^^^^^^^^
Z:\home\jack\Downloads\KiCad-Spice-Library\Models\Digital Logic\74HC.LIB(862): Expected node name here.
aand5 [s0b s1b s2] t4 and
                         ^
Z:\home\jack\Downloads\KiCad-Spice-Library\Models\Digital Logic\74HC.LIB(862): Expected device instantiation or directive here.
aand5 [s0b s1b s2] t4 and
^^^^^^^^^^^^^^^^^^^^^^^^^
Z:\home\jack\Downloads\KiCad-Spice-Library\Models\Digital Logic\74HC.LIB(863): Expected node name here.
aand6 [s0 s1b s2] t5 and
                        ^
Z:\home\jack\Downloads\KiCad-Spice-Library\Models\Digital Logic\74HC.LIB(863): Expected device instantiation or directive here.
aand6 [s0 s1b s2] t5 and
^^^^^^^^^^^^^^^^^^^^^^^^
Z:\home\jack\Downloads\KiCad-Spice-Library\Models\Digital Logic\74HC.LIB(864): Expected node name here.
aand7 [s0b s1 s2] t6 and
                        ^
Z:\home\jack\Downloads\KiCad-Spice-Library\Models\Digital Logic\74HC.LIB(864): Expected device instantiation or directive here.
aand7 [s0b s1 s2] t6 and
^^^^^^^^^^^^^^^^^^^^^^^^
Z:\home\jack\Downloads\KiCad-Spice-Library\Models\Digital Logic\74HC.LIB(865): Expected node name here.
aand8 [s0 s1 s2] t7 and
                       ^
Z:\home\jack\Downloads\KiCad-Spice-Library\Models\Digital Logic\74HC.LIB(865): Expected device instantiation or directive here.
aand8 [s0 s1 s2] t7 and
^^^^^^^^^^^^^^^^^^^^^^^
Z:\home\jack\Downloads\KiCad-Spice-Library\Models\Digital Logic\74HC.LIB(867): Expected node name here.
aor1 [gb t0] g0 or
                  ^
Z:\home\jack\Downloads\KiCad-Spice-Library\Models\Digital Logic\74HC.LIB(867): Expected device instantiation or directive here.
aor1 [gb t0] g0 or
^^^^^^^^^^^^^^^^^^
Z:\home\jack\Downloads\KiCad-Spice-Library\Models\Digital Logic\74HC.LIB(868): Expected node name here.
aor2 [gb t1] g1 or
                  ^
Z:\home\jack\Downloads\KiCad-Spice-Library\Models\Digital Logic\74HC.LIB(868): Expected device instantiation or directive here.
aor2 [gb t1] g1 or
^^^^^^^^^^^^^^^^^^
Z:\home\jack\Downloads\KiCad-Spice-Library\Models\Digital Logic\74HC.LIB(869): Expected node name here.
aor3 [gb t2] g2 or
                  ^
Z:\home\jack\Downloads\KiCad-Spice-Library\Models\Digital Logic\74HC.LIB(869): Expected device instantiation or directive here.
aor3 [gb t2] g2 or
^^^^^^^^^^^^^^^^^^
Z:\home\jack\Downloads\KiCad-Spice-Library\Models\Digital Logic\74HC.LIB(870): Expected node name here.
aor4 [gb t3] g3 or
                  ^
Z:\home\jack\Downloads\KiCad-Spice-Library\Models\Digital Logic\74HC.LIB(870): Expected device instantiation or directive here.
aor4 [gb t3] g3 or
^^^^^^^^^^^^^^^^^^
Z:\home\jack\Downloads\KiCad-Spice-Library\Models\Digital Logic\74HC.LIB(871): Expected node name here.
aor5 [gb t4] g4 or
                  ^
Z:\home\jack\Downloads\KiCad-Spice-Library\Models\Digital Logic\74HC.LIB(871): Expected device instantiation or directive here.
aor5 [gb t4] g4 or
^^^^^^^^^^^^^^^^^^
Z:\home\jack\Downloads\KiCad-Spice-Library\Models\Digital Logic\74HC.LIB(872): Expected node name here.
aor6 [gb t5] g5 or
                  ^
Z:\home\jack\Downloads\KiCad-Spice-Library\Models\Digital Logic\74HC.LIB(872): Expected device instantiation or directive here.
aor6 [gb t5] g5 or
^^^^^^^^^^^^^^^^^^
Z:\home\jack\Downloads\KiCad-Spice-Library\Models\Digital Logic\74HC.LIB(873): Expected node name here.
aor7 [gb t6] g6 or
                  ^
Z:\home\jack\Downloads\KiCad-Spice-Library\Models\Digital Logic\74HC.LIB(873): Expected device instantiation or directive here.
aor7 [gb t6] g6 or
^^^^^^^^^^^^^^^^^^
Z:\home\jack\Downloads\KiCad-Spice-Library\Models\Digital Logic\74HC.LIB(874): Expected node name here.
aor8 [gb t7] g7 or
                  ^
Z:\home\jack\Downloads\KiCad-Spice-Library\Models\Digital Logic\74HC.LIB(874): Expected device instantiation or directive here.
aor8 [gb t7] g7 or
^^^^^^^^^^^^^^^^^^
Z:\home\jack\Downloads\KiCad-Spice-Library\Models\Digital Logic\74HC.LIB(876): Expected node name here.
anora1 [g0 clrb] r0 nor
                       ^
Z:\home\jack\Downloads\KiCad-Spice-Library\Models\Digital Logic\74HC.LIB(876): Expected device instantiation or directive here.
anora1 [g0 clrb] r0 nor
^^^^^^^^^^^^^^^^^^^^^^^
Z:\home\jack\Downloads\KiCad-Spice-Library\Models\Digital Logic\74HC.LIB(877): Expected node name here.
anora2 [g1 clrb] r1 nor
                       ^
Z:\home\jack\Downloads\KiCad-Spice-Library\Models\Digital Logic\74HC.LIB(877): Expected device instantiation or directive here.
anora2 [g1 clrb] r1 nor
^^^^^^^^^^^^^^^^^^^^^^^
Z:\home\jack\Downloads\KiCad-Spice-Library\Models\Digital Logic\74HC.LIB(878): Expected node name here.
anora3 [g2 clrb] r2 nor
                       ^
Z:\home\jack\Downloads\KiCad-Spice-Library\Models\Digital Logic\74HC.LIB(878): Expected device instantiation or directive here.
anora3 [g2 clrb] r2 nor
^^^^^^^^^^^^^^^^^^^^^^^
Z:\home\jack\Downloads\KiCad-Spice-Library\Models\Digital Logic\74HC.LIB(879): Expected node name here.
anora4 [g3 clrb] r3 nor
                       ^
Z:\home\jack\Downloads\KiCad-Spice-Library\Models\Digital Logic\74HC.LIB(879): Expected device instantiation or directive here.
anora4 [g3 clrb] r3 nor
^^^^^^^^^^^^^^^^^^^^^^^
Z:\home\jack\Downloads\KiCad-Spice-Library\Models\Digital Logic\74HC.LIB(880): Expected node name here.
anora5 [g4 clrb] r4 nor
                       ^
Z:\home\jack\Downloads\KiCad-Spice-Library\Models\Digital Logic\74HC.LIB(880): Expected device instantiation or directive here.
anora5 [g4 clrb] r4 nor
^^^^^^^^^^^^^^^^^^^^^^^
Z:\home\jack\Downloads\KiCad-Spice-Library\Models\Digital Logic\74HC.LIB(881): Expected node name here.
anora6 [g5 clrb] r5 nor
                       ^
Z:\home\jack\Downloads\KiCad-Spice-Library\Models\Digital Logic\74HC.LIB(881): Expected device instantiation or directive here.
anora6 [g5 clrb] r5 nor
^^^^^^^^^^^^^^^^^^^^^^^
Z:\home\jack\Downloads\KiCad-Spice-Library\Models\Digital Logic\74HC.LIB(882): Expected node name here.
anora7 [g6 clrb] r6 nor
                       ^
Z:\home\jack\Downloads\KiCad-Spice-Library\Models\Digital Logic\74HC.LIB(882): Expected device instantiation or directive here.
anora7 [g6 clrb] r6 nor
^^^^^^^^^^^^^^^^^^^^^^^
Z:\home\jack\Downloads\KiCad-Spice-Library\Models\Digital Logic\74HC.LIB(883): Expected node name here.
anora8 [g7 clrb] r7 nor
                       ^
Z:\home\jack\Downloads\KiCad-Spice-Library\Models\Digital Logic\74HC.LIB(883): Expected device instantiation or directive here.
anora8 [g7 clrb] r7 nor
^^^^^^^^^^^^^^^^^^^^^^^
Z:\home\jack\Downloads\KiCad-Spice-Library\Models\Digital Logic\74HC.LIB(885): Expected node name here.
adl1 d g0 l r0 q0 q0b ls_dltch
                              ^
Z:\home\jack\Downloads\KiCad-Spice-Library\Models\Digital Logic\74HC.LIB(885): Expected device instantiation or directive here.
adl1 d g0 l r0 q0 q0b ls_dltch
^^^^^^^^^^^^^^^^^^^^^^^^^^^^^^
Z:\home\jack\Downloads\KiCad-Spice-Library\Models\Digital Logic\74HC.LIB(886): Expected node name here.
adl2 d g1 l r1 q1 q1b ls_dltch
                              ^
Z:\home\jack\Downloads\KiCad-Spice-Library\Models\Digital Logic\74HC.LIB(886): Expected device instantiation or directive here.
adl2 d g1 l r1 q1 q1b ls_dltch
^^^^^^^^^^^^^^^^^^^^^^^^^^^^^^
Z:\home\jack\Downloads\KiCad-Spice-Library\Models\Digital Logic\74HC.LIB(887): Expected node name here.
adl3 d g2 l r2 q2 q2b ls_dltch
                              ^
Z:\home\jack\Downloads\KiCad-Spice-Library\Models\Digital Logic\74HC.LIB(887): Expected device instantiation or directive here.
adl3 d g2 l r2 q2 q2b ls_dltch
^^^^^^^^^^^^^^^^^^^^^^^^^^^^^^
Z:\home\jack\Downloads\KiCad-Spice-Library\Models\Digital Logic\74HC.LIB(888): Expected node name here.
adl4 d g3 l r3 q3 q3b ls_dltch
                              ^
Z:\home\jack\Downloads\KiCad-Spice-Library\Models\Digital Logic\74HC.LIB(888): Expected device instantiation or directive here.
adl4 d g3 l r3 q3 q3b ls_dltch
^^^^^^^^^^^^^^^^^^^^^^^^^^^^^^
Z:\home\jack\Downloads\KiCad-Spice-Library\Models\Digital Logic\74HC.LIB(889): Expected node name here.
adl5 d g4 l r4 q4 q4b ls_dltch
                              ^
Z:\home\jack\Downloads\KiCad-Spice-Library\Models\Digital Logic\74HC.LIB(889): Expected device instantiation or directive here.
adl5 d g4 l r4 q4 q4b ls_dltch
^^^^^^^^^^^^^^^^^^^^^^^^^^^^^^
Z:\home\jack\Downloads\KiCad-Spice-Library\Models\Digital Logic\74HC.LIB(890): Expected node name here.
adl6 d g5 l r5 q5 q5b ls_dltch
                              ^
Z:\home\jack\Downloads\KiCad-Spice-Library\Models\Digital Logic\74HC.LIB(890): Expected device instantiation or directive here.
adl6 d g5 l r5 q5 q5b ls_dltch
^^^^^^^^^^^^^^^^^^^^^^^^^^^^^^
Z:\home\jack\Downloads\KiCad-Spice-Library\Models\Digital Logic\74HC.LIB(891): Expected node name here.
adl7 d g6 l r6 q6 q6b ls_dltch
                              ^
Z:\home\jack\Downloads\KiCad-Spice-Library\Models\Digital Logic\74HC.LIB(891): Expected device instantiation or directive here.
adl7 d g6 l r6 q6 q6b ls_dltch
^^^^^^^^^^^^^^^^^^^^^^^^^^^^^^
Z:\home\jack\Downloads\KiCad-Spice-Library\Models\Digital Logic\74HC.LIB(892): Expected node name here.
adl8 d g7 l r7 q7 q7b ls_dltch
                              ^
Z:\home\jack\Downloads\KiCad-Spice-Library\Models\Digital Logic\74HC.LIB(892): Expected device instantiation or directive here.
adl8 d g7 l r7 q7 q7b ls_dltch
^^^^^^^^^^^^^^^^^^^^^^^^^^^^^^
Z:\home\jack\Downloads\KiCad-Spice-Library\Models\Digital Logic\74HC.LIB(894): Expected node name here.
al l low
        ^
Z:\home\jack\Downloads\KiCad-Spice-Library\Models\Digital Logic\74HC.LIB(894): Expected device instantiation or directive here.
al l low
^^^^^^^^
Z:\home\jack\Downloads\KiCad-Spice-Library\Models\Digital Logic\74HC.LIB(903): Expected device instantiation or directive here.
.ends
^^^^^
Z:\home\jack\Downloads\KiCad-Spice-Library\Models\Digital Logic\74HC.LIB(919): Expected node name here.
ah h high
         ^
Z:\home\jack\Downloads\KiCad-Spice-Library\Models\Digital Logic\74HC.LIB(919): Expected directive or device instantiation here.
ah h high
^^^^^^^^^
Z:\home\jack\Downloads\KiCad-Spice-Library\Models\Digital Logic\74HC.LIB(922): Expected node name here.
adff1 d1 clk h clrb q1 q1b ls_dff
                                 ^
Z:\home\jack\Downloads\KiCad-Spice-Library\Models\Digital Logic\74HC.LIB(922): Expected directive or device instantiation here.
adff1 d1 clk h clrb q1 q1b ls_dff
^^^^^^^^^^^^^^^^^^^^^^^^^^^^^^^^^
Z:\home\jack\Downloads\KiCad-Spice-Library\Models\Digital Logic\74HC.LIB(923): Expected node name here.
adff2 d2 clk h clrb q2 q2b ls_dff
                                 ^
Z:\home\jack\Downloads\KiCad-Spice-Library\Models\Digital Logic\74HC.LIB(923): Expected directive or device instantiation here.
adff2 d2 clk h clrb q2 q2b ls_dff
^^^^^^^^^^^^^^^^^^^^^^^^^^^^^^^^^
Z:\home\jack\Downloads\KiCad-Spice-Library\Models\Digital Logic\74HC.LIB(924): Expected node name here.
adff3 d3 clk h clrb q3 q3b ls_dff
                                 ^
Z:\home\jack\Downloads\KiCad-Spice-Library\Models\Digital Logic\74HC.LIB(924): Expected directive or device instantiation here.
adff3 d3 clk h clrb q3 q3b ls_dff
^^^^^^^^^^^^^^^^^^^^^^^^^^^^^^^^^
Z:\home\jack\Downloads\KiCad-Spice-Library\Models\Digital Logic\74HC.LIB(925): Expected node name here.
adff4 d4 clk h clrb q4 q4b ls_dff
                                 ^
Z:\home\jack\Downloads\KiCad-Spice-Library\Models\Digital Logic\74HC.LIB(925): Expected directive or device instantiation here.
adff4 d4 clk h clrb q4 q4b ls_dff
^^^^^^^^^^^^^^^^^^^^^^^^^^^^^^^^^
Z:\home\jack\Downloads\KiCad-Spice-Library\Models\Digital Logic\74HC.LIB(926): Expected node name here.
adff5 d5 clk h clrb q5 q5b ls_dff
                                 ^
Z:\home\jack\Downloads\KiCad-Spice-Library\Models\Digital Logic\74HC.LIB(926): Expected directive or device instantiation here.
adff5 d5 clk h clrb q5 q5b ls_dff
^^^^^^^^^^^^^^^^^^^^^^^^^^^^^^^^^
Z:\home\jack\Downloads\KiCad-Spice-Library\Models\Digital Logic\74HC.LIB(927): Expected node name here.
adff6 d6 clk h clrb q6 q6b ls_dff
                                 ^
Z:\home\jack\Downloads\KiCad-Spice-Library\Models\Digital Logic\74HC.LIB(927): Expected directive or device instantiation here.
adff6 d6 clk h clrb q6 q6b ls_dff
^^^^^^^^^^^^^^^^^^^^^^^^^^^^^^^^^
Z:\home\jack\Downloads\KiCad-Spice-Library\Models\Digital Logic\74HC.LIB(928): Expected node name here.
adff7 d7 clk h clrb q7 q7b ls_dff
                                 ^
Z:\home\jack\Downloads\KiCad-Spice-Library\Models\Digital Logic\74HC.LIB(928): Expected directive or device instantiation here.
adff7 d7 clk h clrb q7 q7b ls_dff
^^^^^^^^^^^^^^^^^^^^^^^^^^^^^^^^^
Z:\home\jack\Downloads\KiCad-Spice-Library\Models\Digital Logic\74HC.LIB(929): Expected node name here.
adff8 d8 clk h clrb q8 q8b ls_dff
                                 ^
Z:\home\jack\Downloads\KiCad-Spice-Library\Models\Digital Logic\74HC.LIB(929): Expected directive or device instantiation here.
adff8 d8 clk h clrb q8 q8b ls_dff
^^^^^^^^^^^^^^^^^^^^^^^^^^^^^^^^^
Z:\home\jack\Downloads\KiCad-Spice-Library\Models\Digital Logic\74HC.LIB(949): Expected node name here.
anor [g1b g2b] g nor
                    ^
Z:\home\jack\Downloads\KiCad-Spice-Library\Models\Digital Logic\74HC.LIB(949): Expected directive or device instantiation here.
anor [g1b g2b] g nor
^^^^^^^^^^^^^^^^^^^^
Z:\home\jack\Downloads\KiCad-Spice-Library\Models\Digital Logic\74HC.LIB(951): Expected node name here.
atri1 a1 g y1 ls_tri
                    ^
Z:\home\jack\Downloads\KiCad-Spice-Library\Models\Digital Logic\74HC.LIB(951): Expected directive or device instantiation here.
atri1 a1 g y1 ls_tri
^^^^^^^^^^^^^^^^^^^^
Z:\home\jack\Downloads\KiCad-Spice-Library\Models\Digital Logic\74HC.LIB(952): Expected node name here.
atri2 a2 g y2 ls_tri
                    ^
Z:\home\jack\Downloads\KiCad-Spice-Library\Models\Digital Logic\74HC.LIB(952): Expected directive or device instantiation here.
atri2 a2 g y2 ls_tri
^^^^^^^^^^^^^^^^^^^^
Z:\home\jack\Downloads\KiCad-Spice-Library\Models\Digital Logic\74HC.LIB(953): Expected node name here.
atri3 a3 g y3 ls_tri
                    ^
Z:\home\jack\Downloads\KiCad-Spice-Library\Models\Digital Logic\74HC.LIB(953): Expected directive or device instantiation here.
atri3 a3 g y3 ls_tri
^^^^^^^^^^^^^^^^^^^^
Z:\home\jack\Downloads\KiCad-Spice-Library\Models\Digital Logic\74HC.LIB(954): Expected node name here.
atri4 a4 g y4 ls_tri
                    ^
Z:\home\jack\Downloads\KiCad-Spice-Library\Models\Digital Logic\74HC.LIB(954): Expected directive or device instantiation here.
atri4 a4 g y4 ls_tri
^^^^^^^^^^^^^^^^^^^^
Z:\home\jack\Downloads\KiCad-Spice-Library\Models\Digital Logic\74HC.LIB(955): Expected node name here.
atri5 a5 g y5 ls_tri
                    ^
Z:\home\jack\Downloads\KiCad-Spice-Library\Models\Digital Logic\74HC.LIB(955): Expected directive or device instantiation here.
atri5 a5 g y5 ls_tri
^^^^^^^^^^^^^^^^^^^^
Z:\home\jack\Downloads\KiCad-Spice-Library\Models\Digital Logic\74HC.LIB(956): Expected node name here.
atri6 a6 g y6 ls_tri
                    ^
Z:\home\jack\Downloads\KiCad-Spice-Library\Models\Digital Logic\74HC.LIB(956): Expected directive or device instantiation here.
atri6 a6 g y6 ls_tri
^^^^^^^^^^^^^^^^^^^^
Z:\home\jack\Downloads\KiCad-Spice-Library\Models\Digital Logic\74HC.LIB(975): Expected node name here.
ainv1 g1b g1 inv
                ^
Z:\home\jack\Downloads\KiCad-Spice-Library\Models\Digital Logic\74HC.LIB(975): Expected directive or device instantiation here.
ainv1 g1b g1 inv
^^^^^^^^^^^^^^^^
Z:\home\jack\Downloads\KiCad-Spice-Library\Models\Digital Logic\74HC.LIB(976): Expected node name here.
ainv2 g2b g2 inv
                ^
Z:\home\jack\Downloads\KiCad-Spice-Library\Models\Digital Logic\74HC.LIB(976): Expected directive or device instantiation here.
ainv2 g2b g2 inv
^^^^^^^^^^^^^^^^
Z:\home\jack\Downloads\KiCad-Spice-Library\Models\Digital Logic\74HC.LIB(978): Expected node name here.
atri1 1a1 g1 1y1 ls_tri
                       ^
Z:\home\jack\Downloads\KiCad-Spice-Library\Models\Digital Logic\74HC.LIB(978): Expected directive or device instantiation here.
atri1 1a1 g1 1y1 ls_tri
^^^^^^^^^^^^^^^^^^^^^^^
Z:\home\jack\Downloads\KiCad-Spice-Library\Models\Digital Logic\74HC.LIB(979): Expected node name here.
atri2 1a2 g1 1y2 ls_tri
                       ^
Z:\home\jack\Downloads\KiCad-Spice-Library\Models\Digital Logic\74HC.LIB(979): Expected directive or device instantiation here.
atri2 1a2 g1 1y2 ls_tri
^^^^^^^^^^^^^^^^^^^^^^^
Z:\home\jack\Downloads\KiCad-Spice-Library\Models\Digital Logic\74HC.LIB(980): Expected node name here.
atri3 1a3 g1 1y3 ls_tri
                       ^
Z:\home\jack\Downloads\KiCad-Spice-Library\Models\Digital Logic\74HC.LIB(980): Expected directive or device instantiation here.
atri3 1a3 g1 1y3 ls_tri
^^^^^^^^^^^^^^^^^^^^^^^
Z:\home\jack\Downloads\KiCad-Spice-Library\Models\Digital Logic\74HC.LIB(981): Expected node name here.
atri4 1a4 g1 1y4 ls_tri
                       ^
Z:\home\jack\Downloads\KiCad-Spice-Library\Models\Digital Logic\74HC.LIB(981): Expected directive or device instantiation here.
atri4 1a4 g1 1y4 ls_tri
^^^^^^^^^^^^^^^^^^^^^^^
Z:\home\jack\Downloads\KiCad-Spice-Library\Models\Digital Logic\74HC.LIB(982): Expected node name here.
atri5 2a1 g2 2y1 ls_tri
                       ^
Z:\home\jack\Downloads\KiCad-Spice-Library\Models\Digital Logic\74HC.LIB(982): Expected directive or device instantiation here.
atri5 2a1 g2 2y1 ls_tri
^^^^^^^^^^^^^^^^^^^^^^^
Z:\home\jack\Downloads\KiCad-Spice-Library\Models\Digital Logic\74HC.LIB(983): Expected node name here.
atri6 2a2 g2 2y2 ls_tri
                       ^
Z:\home\jack\Downloads\KiCad-Spice-Library\Models\Digital Logic\74HC.LIB(983): Expected directive or device instantiation here.
atri6 2a2 g2 2y2 ls_tri
^^^^^^^^^^^^^^^^^^^^^^^
Z:\home\jack\Downloads\KiCad-Spice-Library\Models\Digital Logic\74HC.LIB(1004): Expected node name here.
ainva g1b g1 inv
                ^
Z:\home\jack\Downloads\KiCad-Spice-Library\Models\Digital Logic\74HC.LIB(1004): Expected directive or device instantiation here.
ainva g1b g1 inv
^^^^^^^^^^^^^^^^
Z:\home\jack\Downloads\KiCad-Spice-Library\Models\Digital Logic\74HC.LIB(1005): Expected node name here.
ainvb g2b g2 inv
                ^
Z:\home\jack\Downloads\KiCad-Spice-Library\Models\Digital Logic\74HC.LIB(1005): Expected directive or device instantiation here.
ainvb g2b g2 inv
^^^^^^^^^^^^^^^^
Z:\home\jack\Downloads\KiCad-Spice-Library\Models\Digital Logic\74HC.LIB(1007): Expected node name here.
atri1 1a1 g1 1y1i ls_tri
                        ^
Z:\home\jack\Downloads\KiCad-Spice-Library\Models\Digital Logic\74HC.LIB(1007): Expected directive or device instantiation here.
atri1 1a1 g1 1y1i ls_tri
^^^^^^^^^^^^^^^^^^^^^^^^
Z:\home\jack\Downloads\KiCad-Spice-Library\Models\Digital Logic\74HC.LIB(1008): Expected node name here.
atri2 1a2 g1 1y2i ls_tri
                        ^
Z:\home\jack\Downloads\KiCad-Spice-Library\Models\Digital Logic\74HC.LIB(1008): Expected directive or device instantiation here.
atri2 1a2 g1 1y2i ls_tri
^^^^^^^^^^^^^^^^^^^^^^^^
Z:\home\jack\Downloads\KiCad-Spice-Library\Models\Digital Logic\74HC.LIB(1009): Expected node name here.
atri3 1a3 g1 1y3i ls_tri
                        ^
Z:\home\jack\Downloads\KiCad-Spice-Library\Models\Digital Logic\74HC.LIB(1009): Expected directive or device instantiation here.
atri3 1a3 g1 1y3i ls_tri
^^^^^^^^^^^^^^^^^^^^^^^^
Z:\home\jack\Downloads\KiCad-Spice-Library\Models\Digital Logic\74HC.LIB(1010): Expected node name here.
atri4 1a4 g1 1y4i ls_tri
                        ^
Z:\home\jack\Downloads\KiCad-Spice-Library\Models\Digital Logic\74HC.LIB(1010): Expected directive or device instantiation here.
atri4 1a4 g1 1y4i ls_tri
^^^^^^^^^^^^^^^^^^^^^^^^
Z:\home\jack\Downloads\KiCad-Spice-Library\Models\Digital Logic\74HC.LIB(1011): Expected node name here.
atri5 2a1 g2 2y1i ls_tri
                        ^
Z:\home\jack\Downloads\KiCad-Spice-Library\Models\Digital Logic\74HC.LIB(1011): Expected directive or device instantiation here.
atri5 2a1 g2 2y1i ls_tri
^^^^^^^^^^^^^^^^^^^^^^^^
Z:\home\jack\Downloads\KiCad-Spice-Library\Models\Digital Logic\74HC.LIB(1012): Expected node name here.
atri6 2a2 g2 2y2i ls_tri
                        ^
Z:\home\jack\Downloads\KiCad-Spice-Library\Models\Digital Logic\74HC.LIB(1012): Expected directive or device instantiation here.
atri6 2a2 g2 2y2i ls_tri
^^^^^^^^^^^^^^^^^^^^^^^^
Z:\home\jack\Downloads\KiCad-Spice-Library\Models\Digital Logic\74HC.LIB(1014): Expected node name here.
ainv1 1y1i 1y1 inv
                  ^
Z:\home\jack\Downloads\KiCad-Spice-Library\Models\Digital Logic\74HC.LIB(1014): Expected directive or device instantiation here.
ainv1 1y1i 1y1 inv
^^^^^^^^^^^^^^^^^^
Z:\home\jack\Downloads\KiCad-Spice-Library\Models\Digital Logic\74HC.LIB(1015): Expected node name here.
ainv2 1y2i 1y2 inv
                  ^
Z:\home\jack\Downloads\KiCad-Spice-Library\Models\Digital Logic\74HC.LIB(1015): Expected directive or device instantiation here.
ainv2 1y2i 1y2 inv
^^^^^^^^^^^^^^^^^^
Z:\home\jack\Downloads\KiCad-Spice-Library\Models\Digital Logic\74HC.LIB(1016): Expected node name here.
ainv3 1y3i 1y3 inv
                  ^
Z:\home\jack\Downloads\KiCad-Spice-Library\Models\Digital Logic\74HC.LIB(1016): Expected directive or device instantiation here.
ainv3 1y3i 1y3 inv
^^^^^^^^^^^^^^^^^^
Z:\home\jack\Downloads\KiCad-Spice-Library\Models\Digital Logic\74HC.LIB(1017): Expected node name here.
ainv4 1y4i 1y4 inv
                  ^
Z:\home\jack\Downloads\KiCad-Spice-Library\Models\Digital Logic\74HC.LIB(1017): Expected directive or device instantiation here.
ainv4 1y4i 1y4 inv
^^^^^^^^^^^^^^^^^^
Z:\home\jack\Downloads\KiCad-Spice-Library\Models\Digital Logic\74HC.LIB(1018): Expected node name here.
ainv5 2y1i 2y1 inv
                  ^
Z:\home\jack\Downloads\KiCad-Spice-Library\Models\Digital Logic\74HC.LIB(1018): Expected directive or device instantiation here.
ainv5 2y1i 2y1 inv
^^^^^^^^^^^^^^^^^^
Z:\home\jack\Downloads\KiCad-Spice-Library\Models\Digital Logic\74HC.LIB(1019): Expected node name here.
ainv6 2y2i 2y2 inv
                  ^
Z:\home\jack\Downloads\KiCad-Spice-Library\Models\Digital Logic\74HC.LIB(1019): Expected directive or device instantiation here.
ainv6 2y2i 2y2 inv
^^^^^^^^^^^^^^^^^^
Z:\home\jack\Downloads\KiCad-Spice-Library\Models\Digital Logic\74HC.LIB(1036): Expected node name here.
ainv1 clk nclk inv
                  ^
Z:\home\jack\Downloads\KiCad-Spice-Library\Models\Digital Logic\74HC.LIB(1036): Expected directive or device instantiation here.
ainv1 clk nclk inv
^^^^^^^^^^^^^^^^^^
Z:\home\jack\Downloads\KiCad-Spice-Library\Models\Digital Logic\74HC.LIB(1038): Expected valid special function name here.
acount16 [low] nclk clr [iqa iqb iqc iqd] ls_count16
                                                    ^
Z:\home\jack\Downloads\KiCad-Spice-Library\Models\Digital Logic\74HC.LIB(1039): Expected node name here.
alow low low
            ^
Z:\home\jack\Downloads\KiCad-Spice-Library\Models\Digital Logic\74HC.LIB(1039): Expected directive or device instantiation here.
alow low low
^^^^^^^^^^^^
Z:\home\jack\Downloads\KiCad-Spice-Library\Models\Digital Logic\74HC.LIB(1041): Expected node name here.
abuf1 iqa qa ls_bufa
                    ^
Z:\home\jack\Downloads\KiCad-Spice-Library\Models\Digital Logic\74HC.LIB(1041): Expected directive or device instantiation here.
abuf1 iqa qa ls_bufa
^^^^^^^^^^^^^^^^^^^^
Z:\home\jack\Downloads\KiCad-Spice-Library\Models\Digital Logic\74HC.LIB(1042): Expected node name here.
abuf2 iqb qb ls_buf
                   ^
Z:\home\jack\Downloads\KiCad-Spice-Library\Models\Digital Logic\74HC.LIB(1042): Expected directive or device instantiation here.
abuf2 iqb qb ls_buf
^^^^^^^^^^^^^^^^^^^
Z:\home\jack\Downloads\KiCad-Spice-Library\Models\Digital Logic\74HC.LIB(1043): Expected node name here.
abuf3 iqc qc ls_buf
                   ^
Z:\home\jack\Downloads\KiCad-Spice-Library\Models\Digital Logic\74HC.LIB(1043): Expected directive or device instantiation here.
abuf3 iqc qc ls_buf
^^^^^^^^^^^^^^^^^^^
Z:\home\jack\Downloads\KiCad-Spice-Library\Models\Digital Logic\74HC.LIB(1044): Expected node name here.
abuf4 iqd qd ls_buf
                   ^
Z:\home\jack\Downloads\KiCad-Spice-Library\Models\Digital Logic\74HC.LIB(1044): Expected directive or device instantiation here.
abuf4 iqd qd ls_buf
^^^^^^^^^^^^^^^^^^^
